Archive member included to satisfy reference by file (symbol)

/home/sadikubuntu/vcs/go/src/IoT-Group11-Handins/handin2/build_out/bl602/libbl602.a(start.o)
                              (bl602_start)
/home/sadikubuntu/vcs/go/src/IoT-Group11-Handins/handin2/build_out/hal_drv/libhal_drv.a(hal_boot2.o)
                              /home/sadikubuntu/vcs/go/src/IoT-Group11-Handins/handin2/build_out/bl602/libbl602.a(start.o) (hal_boot2_get_flash_addr)
/home/sadikubuntu/vcs/go/src/IoT-Group11-Handins/handin2/build_out/hal_drv/libhal_drv.a(bl_boot2.o)
                              /home/sadikubuntu/vcs/go/src/IoT-Group11-Handins/handin2/build_out/hal_drv/libhal_drv.a(hal_boot2.o) (PtTable_Update_Entry)
/home/sadikubuntu/vcs/go/src/IoT-Group11-Handins/handin2/build_out/hal_drv/libhal_drv.a(bl_flash.o)
                              /home/sadikubuntu/vcs/go/src/IoT-Group11-Handins/handin2/build_out/hal_drv/libhal_drv.a(bl_boot2.o) (bl_flash_erase)
/home/sadikubuntu/vcs/go/src/IoT-Group11-Handins/handin2/build_out/adc/libadc.a(main.o)
                              /home/sadikubuntu/vcs/go/src/IoT-Group11-Handins/handin2/build_out/bl602/libbl602.a(start.o) (bfl_main)
/home/sadikubuntu/vcs/go/src/IoT-Group11-Handins/handin2/build_out/adc/libadc.a(system.o)
                              /home/sadikubuntu/vcs/go/src/IoT-Group11-Handins/handin2/build_out/adc/libadc.a(main.o) (system_init)
/home/sadikubuntu/vcs/go/src/IoT-Group11-Handins/handin2/build_out/bl602/libbl602.a(debug.o)
                              /home/sadikubuntu/vcs/go/src/IoT-Group11-Handins/handin2/build_out/adc/libadc.a(system.o) (puts)
/home/sadikubuntu/vcs/go/src/IoT-Group11-Handins/handin2/build_out/bl602_std/libbl602_std.a(bl602_adc.o)
                              /home/sadikubuntu/vcs/go/src/IoT-Group11-Handins/handin2/build_out/adc/libadc.a(main.o) (ADC_Reset)
/home/sadikubuntu/vcs/go/src/IoT-Group11-Handins/handin2/build_out/bl602_std/libbl602_std.a(bl602_common.o)
                              /home/sadikubuntu/vcs/go/src/IoT-Group11-Handins/handin2/build_out/bl602_std/libbl602_std.a(bl602_adc.o) (BL602_Delay_US)
/home/sadikubuntu/vcs/go/src/IoT-Group11-Handins/handin2/build_out/bl602_std/libbl602_std.a(bl602_ef_ctrl.o)
                              /home/sadikubuntu/vcs/go/src/IoT-Group11-Handins/handin2/build_out/bl602_std/libbl602_std.a(bl602_adc.o) (EF_Ctrl_Get_Trim_Parity)
/home/sadikubuntu/vcs/go/src/IoT-Group11-Handins/handin2/build_out/bl602_std/libbl602_std.a(softcrc.o)
                              /home/sadikubuntu/vcs/go/src/IoT-Group11-Handins/handin2/build_out/hal_drv/libhal_drv.a(bl_boot2.o) (BFLB_Soft_CRC32)
/home/sadikubuntu/vcs/go/src/IoT-Group11-Handins/handin2/build_out/bl602_std/libbl602_std.a(platform_device.o)
                              /home/sadikubuntu/vcs/go/src/IoT-Group11-Handins/handin2/build_out/bl602_std/libbl602_std.a(bl602_common.o) (bflb_platform_printf)
/home/sadikubuntu/vcs/go/src/IoT-Group11-Handins/handin2/build_out/bl602_std/libbl602_std.a(platform_gpio.o)
                              /home/sadikubuntu/vcs/go/src/IoT-Group11-Handins/handin2/build_out/bl602_std/libbl602_std.a(platform_device.o) (bflb_platform_init_uart_debug_gpio)
/home/sadikubuntu/vcs/go/src/IoT-Group11-Handins/handin2/build_out/bl602_std/libbl602_std.a(ring_buffer.o)
                              /home/sadikubuntu/vcs/go/src/IoT-Group11-Handins/handin2/build_out/bl602_std/libbl602_std.a(platform_device.o) (Ring_Buffer_Init)
/home/sadikubuntu/vcs/go/src/IoT-Group11-Handins/handin2/build_out/bl602_std/libbl602_std.a(interrupt.o)
                              /home/sadikubuntu/vcs/go/src/IoT-Group11-Handins/handin2/build_out/bl602_std/libbl602_std.a(platform_device.o) (clic_enable_interrupt)
/home/sadikubuntu/vcs/go/src/IoT-Group11-Handins/handin2/build_out/bl602_std/libbl602_std.a(bl602_romapi.o)
                              /home/sadikubuntu/vcs/go/src/IoT-Group11-Handins/handin2/build_out/bl602_std/libbl602_std.a(platform_device.o) (GLB_Get_BCLK_Div)
/home/sadikubuntu/vcs/go/src/IoT-Group11-Handins/handin2/build_out/bl602_std/libbl602_std.a(bl602_uart.o)
                              /home/sadikubuntu/vcs/go/src/IoT-Group11-Handins/handin2/build_out/bl602_std/libbl602_std.a(platform_device.o) (UART_Init)
/home/sadikubuntu/vcs/go/src/IoT-Group11-Handins/handin2/build_out/bl602_std/libbl602_std.a(bl602_sec_eng.o)
                              /home/sadikubuntu/vcs/go/src/IoT-Group11-Handins/handin2/build_out/bl602_std/libbl602_std.a(platform_device.o) (Sec_Eng_Trng_Enable)
/home/sadikubuntu/vcs/go/src/IoT-Group11-Handins/handin2/build_out/bl602_std/libbl602_std.a(bl602_glb.o)
                              /home/sadikubuntu/vcs/go/src/IoT-Group11-Handins/handin2/build_out/bl602_std/libbl602_std.a(platform_device.o) (GLB_Set_UART_CLK)
/home/sadikubuntu/vcs/go/src/IoT-Group11-Handins/handin2/build_out/bl602_std/libbl602_std.a(bl602_hbn.o)
[...]
Memory Configuration

Name             Origin             Length             Attributes
rom              0x0000000021015000 0x000000000000b000 axrl !w
flash            0x0000000023000000 0x0000000000400000 axrl !w
ram_tcm          0x000000004200c000 0x0000000000024000 axw
ram_wifi         0x0000000042030000 0x000000000001a000 axw
*default*        0x0000000000000000 0xffffffffffffffff

Linker script and memory map

START GROUP
LOAD /home/sadikubuntu/vcs/go/src/IoT-Group11-Handins/handin2/build_out/adc/libadc.a
LOAD /home/sadikubuntu/vcs/go/src/IoT-Group11-Handins/handin2/build_out/bl602/libbl602.a
LOAD /home/sadikubuntu/vcs/go/src/IoT-Group11-Handins/handin2/build_out/bl602_std/libbl602_std.a
LOAD /home/sadikubuntu/vcs/go/src/IoT-Group11-Handins/handin2/build_out/blfdt/libblfdt.a
LOAD /home/sadikubuntu/vcs/go/src/IoT-Group11-Handins/handin2/build_out/blmtd/libblmtd.a
LOAD /home/sadikubuntu/vcs/go/src/IoT-Group11-Handins/handin2/build_out/blog/libblog.a
LOAD /home/sadikubuntu/vcs/go/src/IoT-Group11-Handins/handin2/build_out/blog_testc/libblog_testc.a
LOAD /home/sadikubuntu/vcs/go/src/IoT-Group11-Handins/handin2/build_out/bloop/libbloop.a
LOAD /home/sadikubuntu/vcs/go/src/IoT-Group11-Handins/handin2/build_out/bltime/libbltime.a
LOAD /home/sadikubuntu/vcs/go/src/IoT-Group11-Handins/handin2/build_out/cli/libcli.a
LOAD /home/sadikubuntu/vcs/go/src/IoT-Group11-Handins/handin2/build_out/freertos_riscv_ram/libfreertos_riscv_ram.a
LOAD /home/sadikubuntu/vcs/go/src/IoT-Group11-Handins/handin2/build_out/hal_drv/libhal_drv.a
LOAD /home/sadikubuntu/vcs/go/src/IoT-Group11-Handins/handin2/build_out/looprt/liblooprt.a
LOAD /home/sadikubuntu/vcs/go/src/IoT-Group11-Handins/handin2/build_out/loopset/libloopset.a
LOAD /home/sadikubuntu/vcs/go/src/IoT-Group11-Handins/handin2/build_out/romfs/libromfs.a
LOAD /home/sadikubuntu/vcs/go/src/IoT-Group11-Handins/handin2/build_out/utils/libutils.a
LOAD /home/sadikubuntu/vcs/go/src/IoT-Group11-Handins/handin2/build_out/vfs/libvfs.a
LOAD /home/sadikubuntu/vcs/go/src/IoT-Group11-Handins/handin2/build_out/yloop/libyloop.a
END GROUP
LOAD /home/sadikubuntu/vcs/go/src/IoT-Group11-Handins/handin2/bl_iot_sdk/toolchain/riscv/Linux/bin/../lib/gcc/riscv64-unknown-elf/8.3.0/../../../../riscv64-unknown-elf/lib/rv32imf/ilp32f/libm.a
LOAD /home/sadikubuntu/vcs/go/src/IoT-Group11-Handins/handin2/bl_iot_sdk/toolchain/riscv/Linux/bin/../lib/gcc/riscv64-unknown-elf/8.3.0/rv32imf/ilp32f/libgcc.a
START GROUP
LOAD /home/sadikubuntu/vcs/go/src/IoT-Group11-Handins/handin2/bl_iot_sdk/toolchain/riscv/Linux/bin/../lib/gcc/riscv64-unknown-elf/8.3.0/../../../../riscv64-unknown-elf/lib/rv32imf/ilp32f/libc.a
LOAD /home/sadikubuntu/vcs/go/src/IoT-Group11-Handins/handin2/bl_iot_sdk/toolchain/riscv/Linux/bin/../lib/gcc/riscv64-unknown-elf/8.3.0/../../../../riscv64-unknown-elf/lib/rv32imf/ilp32f/libgloss.a
END GROUP
LOAD /home/sadikubuntu/vcs/go/src/IoT-Group11-Handins/handin2/bl_iot_sdk/toolchain/riscv/Linux/bin/../lib/gcc/riscv64-unknown-elf/8.3.0/rv32imf/ilp32f/libgcc.a
                0x0000000000000000                __EM_SIZE = DEFINED (ble_controller_init)?0x2000:0x0
                0x0000000000000800                __stack_size = DEFINED (__stack_size)?__stack_size:0x800
                0x0000000042049c00                BOOT2_PT_ADDR = 0x42049c00
                0x0000000042049c18                BOOT2_FLASHCFG_ADDR = 0x42049c18

.init           0x0000000023000000      0x282
 *(SORT_NONE(.init))
 .init          0x0000000023000000      0x124 /home/sadikubuntu/vcs/go/src/IoT-Group11-Handins/handin2/build_out/bl602/libbl602.a(start.o)
                0x0000000023000000                bl602_start
 *fill*         0x0000000023000124       0x1c 
 .init          0x0000000023000140      0x142 /home/sadikubuntu/vcs/go/src/IoT-Group11-Handins/handin2/build_out/bl602_std/libbl602_std.a(interrupt.o)
                0x0000000023000140                __Vectors

.text           0x0000000023000300     0x7d40
 *(.text.unlikely .text.unlikely.*)
 *(.text.startup .text.startup.*)
 *(.text .text.*)
 .text.hal_boot2_get_flash_addr
                0x0000000023000300       0x1c /home/sadikubuntu/vcs/go/src/IoT-Group11-Handins/handin2/build_out/hal_drv/libhal_drv.a(hal_boot2.o)
                0x0000000023000300                hal_boot2_get_flash_addr
 .text.TaskSample
                0x000000002300031c       0x86 /home/sadikubuntu/vcs/go/src/IoT-Group11-Handins/handin2/build_out/adc/libadc.a(main.o)
                0x000000002300031c                TaskSample
 .text.bfl_main
                0x00000000230003a2       0x50 /home/sadikubuntu/vcs/go/src/IoT-Group11-Handins/handin2/build_out/adc/libadc.a(main.o)
                0x00000000230003a2                bfl_main
 .text.vAssertCalled
                0x00000000230003f2       0x18 /home/sadikubuntu/vcs/go/src/IoT-Group11-Handins/handin2/build_out/adc/libadc.a(system.o)
                0x00000000230003f2                vAssertCalled
 .text.vApplicationStackOverflowHook
                0x000000002300040a       0x12 /home/sadikubuntu/vcs/go/src/IoT-Group11-Handins/handin2/build_out/adc/libadc.a(system.o)
                0x000000002300040a                vApplicationStackOverflowHook
 .text.vApplicationMallocFailedHook
                0x000000002300041c       0x18 /home/sadikubuntu/vcs/go/src/IoT-Group11-Handins/handin2/build_out/adc/libadc.a(system.o)
                0x000000002300041c                vApplicationMallocFailedHook
 .text.vApplicationIdleHook
                0x0000000023000434        0x6 /home/sadikubuntu/vcs/go/src/IoT-Group11-Handins/handin2/build_out/adc/libadc.a(system.o)
                0x0000000023000434                vApplicationIdleHook
 .text.vApplicationGetIdleTaskMemory
                0x000000002300043a       0x14 /home/sadikubuntu/vcs/go/src/IoT-Group11-Handins/handin2/build_out/adc/libadc.a(system.o)
                0x000000002300043a                vApplicationGetIdleTaskMemory
 .text.vApplicationGetTimerTaskMemory
                0x000000002300044e       0x14 /home/sadikubuntu/vcs/go/src/IoT-Group11-Handins/handin2/build_out/adc/libadc.a(system.o)
                0x000000002300044e                vApplicationGetTimerTaskMemory
 .text.system_init
                0x0000000023000462        0xc /home/sadikubuntu/vcs/go/src/IoT-Group11-Handins/handin2/build_out/adc/libadc.a(system.o)
                0x0000000023000462                system_init
 .text.format_int
                0x000000002300046e      0x25a /home/sadikubuntu/vcs/go/src/IoT-Group11-Handins/handin2/build_out/bl602/libbl602.a(debug.o)
 .text.cvt      0x00000000230006c8      0x23a /home/sadikubuntu/vcs/go/src/IoT-Group11-Handins/handin2/build_out/bl602/libbl602.a(debug.o)
 .text.ecvtbuf  0x0000000023000902        0x4 /home/sadikubuntu/vcs/go/src/IoT-Group11-Handins/handin2/build_out/bl602/libbl602.a(debug.o)
                0x0000000023000902                ecvtbuf
 .text.fcvtbuf  0x0000000023000906        0x4 /home/sadikubuntu/vcs/go/src/IoT-Group11-Handins/handin2/build_out/bl602/libbl602.a(debug.o)
                0x0000000023000906                fcvtbuf
 .text.flt      0x000000002300090a      0x436 /home/sadikubuntu/vcs/go/src/IoT-Group11-Handins/handin2/build_out/bl602/libbl602.a(debug.o)
 .text.vsnprintf
                0x0000000023000d40      0x4d2 /home/sadikubuntu/vcs/go/src/IoT-Group11-Handins/handin2/build_out/bl602/libbl602.a(debug.o)
                0x0000000023000d40                vsnprintf
 .text.vsprintf
                0x0000000023001212        0xa /home/sadikubuntu/vcs/go/src/IoT-Group11-Handins/handin2/build_out/bl602/libbl602.a(debug.o)
                0x0000000023001212                vsprintf
 .text.vprint   0x000000002300121c       0x3c /home/sadikubuntu/vcs/go/src/IoT-Group11-Handins/handin2/build_out/bl602/libbl602.a(debug.o)
                0x000000002300121c                vprint
 .text.puts     0x0000000023001258       0x38 /home/sadikubuntu/vcs/go/src/IoT-Group11-Handins/handin2/build_out/bl602/libbl602.a(debug.o)
                0x0000000023001258                puts
 .text.printf   0x0000000023001290       0x2a /home/sadikubuntu/vcs/go/src/IoT-Group11-Handins/handin2/build_out/bl602/libbl602.a(debug.o)
                0x0000000023001290                printf
 .text.ADC_Reset
                0x00000000230012ba       0x28 /home/sadikubuntu/vcs/go/src/IoT-Group11-Handins/handin2/build_out/bl602_std/libbl602_std.a(bl602_adc.o)
                0x00000000230012ba                ADC_Reset
 .text.ADC_Enable
                0x00000000230012e2       0x12 /home/sadikubuntu/vcs/go/src/IoT-Group11-Handins/handin2/build_out/bl602_std/libbl602_std.a(bl602_adc.o)
                0x00000000230012e2                ADC_Enable
 .text.ADC_Disable
                0x00000000230012f4       0x10 /home/sadikubuntu/vcs/go/src/IoT-Group11-Handins/handin2/build_out/bl602_std/libbl602_std.a(bl602_adc.o)
                0x00000000230012f4                ADC_Disable
 .text.ADC_Channel_Config
                0x0000000023001304       0x38 /home/sadikubuntu/vcs/go/src/IoT-Group11-Handins/handin2/build_out/bl602_std/libbl602_std.a(bl602_adc.o)
                0x0000000023001304                ADC_Channel_Config
 .text.ADC_Start
                0x000000002300133c       0x34 /home/sadikubuntu/vcs/go/src/IoT-Group11-Handins/handin2/build_out/bl602_std/libbl602_std.a(bl602_adc.o)
                0x000000002300133c                ADC_Start
 .text.ADC_FIFO_Cfg
                0x0000000023001370       0x2a /home/sadikubuntu/vcs/go/src/IoT-Group11-Handins/handin2/build_out/bl602_std/libbl602_std.a(bl602_adc.o)
                0x0000000023001370                ADC_FIFO_Cfg
 .text.ADC_Get_FIFO_Count
                0x000000002300139a        0xe /home/sadikubuntu/vcs/go/src/IoT-Group11-Handins/handin2/build_out/bl602_std/libbl602_std.a(bl602_adc.o)
                0x000000002300139a                ADC_Get_FIFO_Count
 .text.ADC_Read_FIFO
                0x00000000230013a8        0x8 /home/sadikubuntu/vcs/go/src/IoT-Group11-Handins/handin2/build_out/bl602_std/libbl602_std.a(bl602_adc.o)
                0x00000000230013a8                ADC_Read_FIFO
 .text.ADC_Parse_Result
                0x00000000230013b0      0x2c4 /home/sadikubuntu/vcs/go/src/IoT-Group11-Handins/handin2/build_out/bl602_std/libbl602_std.a(bl602_adc.o)
                0x00000000230013b0                ADC_Parse_Result
 .text.ADC_SET_TSVBE_LOW
                0x0000000023001674       0x12 /home/sadikubuntu/vcs/go/src/IoT-Group11-Handins/handin2/build_out/bl602_std/libbl602_std.a(bl602_adc.o)
                0x0000000023001674                ADC_SET_TSVBE_LOW
 .text.ADC_SET_TSVBE_HIGH
                0x0000000023001686       0x14 /home/sadikubuntu/vcs/go/src/IoT-Group11-Handins/handin2/build_out/bl602_std/libbl602_std.a(bl602_adc.o)
                0x0000000023001686                ADC_SET_TSVBE_HIGH
 .text.TSEN_Get_V_Error
                0x000000002300169a       0x8c /home/sadikubuntu/vcs/go/src/IoT-Group11-Handins/handin2/build_out/bl602_std/libbl602_std.a(bl602_adc.o)
                0x000000002300169a                TSEN_Get_V_Error
 .text.ADC_Init
                0x0000000023001726       0xfa /home/sadikubuntu/vcs/go/src/IoT-Group11-Handins/handin2/build_out/bl602_std/libbl602_std.a(bl602_adc.o)
                0x0000000023001726                ADC_Init
 .text.Default_Handler
                0x0000000023001820        0xa /home/sadikubuntu/vcs/go/src/IoT-Group11-Handins/handin2/build_out/bl602_std/libbl602_std.a(bl602_common.o)
                0x0000000023001820                Default_Handler
 .text.bflb_platform_usart_dbg_send
                0x000000002300182a        0x8 /home/sadikubuntu/vcs/go/src/IoT-Group11-Handins/handin2/build_out/bl602_std/libbl602_std.a(platform_device.o)
                0x000000002300182a                bflb_platform_usart_dbg_send
 .text.bflb_platform_printf
                0x0000000023001832       0x44 /home/sadikubuntu/vcs/go/src/IoT-Group11-Handins/handin2/build_out/bl602_std/libbl602_std.a(platform_device.o)
                0x0000000023001832                bflb_platform_printf
 .text.Default_Handler_Stub
                0x0000000023001876       0x9a /home/sadikubuntu/vcs/go/src/IoT-Group11-Handins/handin2/build_out/bl602_std/libbl602_std.a(interrupt.o)
                0x0000000023001876                HBN_OUT0_IRQHandler
                0x0000000023001876                L1C_BMX_TO_IRQHandler
                0x0000000023001876                IRTX_IRQHandler
                0x0000000023001876                TIMER_CH0_IRQHandler
                0x0000000023001876                SDIO_IRQHandler
                0x0000000023001876                WIFI_IPC_PUBLIC_IRQHandler
                0x0000000023001876                DMA_BMX_ERR_IRQHandler
                0x0000000023001876                MAC_RX_TRG_IRQHandler
                0x0000000023001876                EFUSE_IRQHandler
                0x0000000023001876                TIMER_WDT_IRQHandler
                0x0000000023001876                MAC_TXRX_TIMER_IRQHandler
                0x0000000023001876                MAC_GEN_IRQHandler
                0x0000000023001876                clic_csoft_handler
                0x0000000023001876                BOR_IRQHandler
                0x0000000023001876                MAC_PORT_TRG_IRQHandler
                0x0000000023001876                SPI_IRQHandler
                0x0000000023001876                HBN_OUT1_IRQHandler
                0x0000000023001876                SEC_BMX_ERR_IRQHandler
                0x0000000023001876                SF_CTRL_IRQHandler
                0x0000000023001876                RF_TOP_INT0_IRQHandler
                0x0000000023001876                MAC_TXRX_MISC_IRQHandler
                0x0000000023001876                BZ_PHY_IRQHandler
                0x0000000023001876                DMA_ALL_IRQHandler
                0x0000000023001876                SEC_GMAC_IRQHandler
                0x0000000023001876                BMX_ERR_IRQHandler
                0x0000000023001876                SEC_PKA_IRQHandler
                0x0000000023001876                TIMER_CH1_IRQHandler
                0x0000000023001876                clic_msip_handler
                0x0000000023001876                I2C_IRQHandler
                0x0000000023001876                SEC_TRNG_IRQHandler
                0x0000000023001876                GPIO_INT0_IRQHandler
                0x0000000023001876                IRRX_IRQHandler
                0x0000000023001876                L1C_BMX_ERR_IRQHandler
                0x0000000023001876                BMX_TO_IRQHandler
                0x0000000023001876                SEC_CDET_IRQHandler
                0x0000000023001876                WIFI_IRQHandler
                0x0000000023001876                clic_mtimer_handler
                0x0000000023001876                PDS_WAKEUP_IRQHandler
                0x0000000023001876                GPADC_DMA_IRQHandler
                0x0000000023001876                BLE_IRQHandler
                0x0000000023001876                PWM_IRQHandler
                0x0000000023001876                MAC_TX_TRG_IRQHandler
                0x0000000023001876                clic_mext_handler
                0x0000000023001876                RF_TOP_INT1_IRQHandler
                0x0000000023001876                SEC_AES_IRQHandler
                0x0000000023001876                SEC_SHA_IRQHandler
                0x0000000023001876                Default_Handler_Stub
 .text.UART_Init
                0x0000000023001910       0xf4 /home/sadikubuntu/vcs/go/src/IoT-Group11-Handins/handin2/build_out/bl602_std/libbl602_std.a(bl602_uart.o)
                0x0000000023001910                UART_Init
 .text.UART_FifoConfig
                0x0000000023001a04       0x6a /home/sadikubuntu/vcs/go/src/IoT-Group11-Handins/handin2/build_out/bl602_std/libbl602_std.a(bl602_uart.o)
                0x0000000023001a04                UART_FifoConfig
 .text.UART_Enable
                0x0000000023001a6e       0x34 /home/sadikubuntu/vcs/go/src/IoT-Group11-Handins/handin2/build_out/bl602_std/libbl602_std.a(bl602_uart.o)
                0x0000000023001a6e                UART_Enable
 .text.UART_Disable
                0x0000000023001aa2       0x30 /home/sadikubuntu/vcs/go/src/IoT-Group11-Handins/handin2/build_out/bl602_std/libbl602_std.a(bl602_uart.o)
                0x0000000023001aa2                UART_Disable
 .text.UART_TxFreeRun
                0x0000000023001ad2       0x24 /home/sadikubuntu/vcs/go/src/IoT-Group11-Handins/handin2/build_out/bl602_std/libbl602_std.a(bl602_uart.o)
                0x0000000023001ad2                UART_TxFreeRun
 .text.UART_IntMask
                0x0000000023001af6       0x3e /home/sadikubuntu/vcs/go/src/IoT-Group11-Handins/handin2/build_out/bl602_std/libbl602_std.a(bl602_uart.o)
                0x0000000023001af6                UART_IntMask
 .text.UART_GetTxFifoCount
                0x0000000023001b34       0x18 /home/sadikubuntu/vcs/go/src/IoT-Group11-Handins/handin2/build_out/bl602_std/libbl602_std.a(bl602_uart.o)
                0x0000000023001b34                UART_GetTxFifoCount
 .text.UART_SendData
                0x0000000023001b4c       0x70 /home/sadikubuntu/vcs/go/src/IoT-Group11-Handins/handin2/build_out/bl602_std/libbl602_std.a(bl602_uart.o)
                0x0000000023001b4c                UART_SendData
 .text.GLB_Set_UART_CLK
                0x0000000023001bbc       0x3e /home/sadikubuntu/vcs/go/src/IoT-Group11-Handins/handin2/build_out/bl602_std/libbl602_std.a(bl602_glb.o)
                0x0000000023001bbc                GLB_Set_UART_CLK
 .text.GLB_UART_Fun_Sel
                0x0000000023001bfa       0x24 /home/sadikubuntu/vcs/go/src/IoT-Group11-Handins/handin2/build_out/bl602_std/libbl602_std.a(bl602_glb.o)
                0x0000000023001bfa                GLB_UART_Fun_Sel
 .text.HBN_Set_UART_CLK_Sel
                0x0000000023001c1e       0x12 /home/sadikubuntu/vcs/go/src/IoT-Group11-Handins/handin2/build_out/bl602_std/libbl602_std.a(bl602_hbn.o)
                0x0000000023001c1e                HBN_Set_UART_CLK_Sel
 .text.HBN_Clear_RTC_Counter
                0x0000000023001c30        0xe /home/sadikubuntu/vcs/go/src/IoT-Group11-Handins/handin2/build_out/bl602_std/libbl602_std.a(bl602_hbn.o)
                0x0000000023001c30                HBN_Clear_RTC_Counter
 .text.HBN_Enable_RTC_Counter
                0x0000000023001c3e       0x10 /home/sadikubuntu/vcs/go/src/IoT-Group11-Handins/handin2/build_out/bl602_std/libbl602_std.a(bl602_hbn.o)
                0x0000000023001c3e                HBN_Enable_RTC_Counter
 .text.HBN_Get_RTC_Timer_Val
                0x0000000023001c4e       0x28 /home/sadikubuntu/vcs/go/src/IoT-Group11-Handins/handin2/build_out/bl602_std/libbl602_std.a(bl602_hbn.o)
                0x0000000023001c4e                HBN_Get_RTC_Timer_Val
 .text.prvResetNextTaskUnblockTime.part.0
                0x0000000023001c76       0x10 /home/sadikubuntu/vcs/go/src/IoT-Group11-Handins/handin2/build_out/freertos_riscv_ram/libfreertos_riscv_ram.a(tasks.o)
 .text.prvInitialiseNewTask.isra.2
                0x0000000023001c86       0xce /home/sadikubuntu/vcs/go/src/IoT-Group11-Handins/handin2/build_out/freertos_riscv_ram/libfreertos_riscv_ram.a(tasks.o)
 .text.prvDeleteTCB
                0x0000000023001d54       0x36 /home/sadikubuntu/vcs/go/src/IoT-Group11-Handins/handin2/build_out/freertos_riscv_ram/libfreertos_riscv_ram.a(tasks.o)
 .text.prvAddCurrentTaskToDelayedList
                0x0000000023001d8a       0xaa /home/sadikubuntu/vcs/go/src/IoT-Group11-Handins/handin2/build_out/freertos_riscv_ram/libfreertos_riscv_ram.a(tasks.o)
 .text.vTaskEnterCritical.part.7
                0x0000000023001e34       0x10 /home/sadikubuntu/vcs/go/src/IoT-Group11-Handins/handin2/build_out/freertos_riscv_ram/libfreertos_riscv_ram.a(tasks.o)
 .text.vTaskExitCritical.part.8
                0x0000000023001e44       0x18 /home/sadikubuntu/vcs/go/src/IoT-Group11-Handins/handin2/build_out/freertos_riscv_ram/libfreertos_riscv_ram.a(tasks.o)
 .text.prvAddNewTaskToReadyList
                0x0000000023001e5c      0x134 /home/sadikubuntu/vcs/go/src/IoT-Group11-Handins/handin2/build_out/freertos_riscv_ram/libfreertos_riscv_ram.a(tasks.o)
 .text.prvIdleTask
                0x0000000023001f90       0x88 /home/sadikubuntu/vcs/go/src/IoT-Group11-Handins/handin2/build_out/freertos_riscv_ram/libfreertos_riscv_ram.a(tasks.o)
 .text.xTaskCreateStatic
                0x0000000023002018       0x9c /home/sadikubuntu/vcs/go/src/IoT-Group11-Handins/handin2/build_out/freertos_riscv_ram/libfreertos_riscv_ram.a(tasks.o)
                0x0000000023002018                xTaskCreateStatic
 .text.xTaskCreate
                0x00000000230020b4       0x78 /home/sadikubuntu/vcs/go/src/IoT-Group11-Handins/handin2/build_out/freertos_riscv_ram/libfreertos_riscv_ram.a(tasks.o)
                0x00000000230020b4                xTaskCreate
 .text.vTaskStartScheduler
                0x000000002300212c       0x66 /home/sadikubuntu/vcs/go/src/IoT-Group11-Handins/handin2/build_out/freertos_riscv_ram/libfreertos_riscv_ram.a(tasks.o)
                0x000000002300212c                vTaskStartScheduler
 .text.vTaskSuspendAll
                0x0000000023002192        0xc /home/sadikubuntu/vcs/go/src/IoT-Group11-Handins/handin2/build_out/freertos_riscv_ram/libfreertos_riscv_ram.a(tasks.o)
                0x0000000023002192                vTaskSuspendAll
 .text.xTaskGetTickCount
                0x000000002300219e        0x6 /home/sadikubuntu/vcs/go/src/IoT-Group11-Handins/handin2/build_out/freertos_riscv_ram/libfreertos_riscv_ram.a(tasks.o)
                0x000000002300219e                xTaskGetTickCount
 .text.xTaskIncrementTick
                0x00000000230021a4      0x164 /home/sadikubuntu/vcs/go/src/IoT-Group11-Handins/handin2/build_out/freertos_riscv_ram/libfreertos_riscv_ram.a(tasks.o)
                0x00000000230021a4                xTaskIncrementTick
 .text.xTaskResumeAll
                0x0000000023002308      0x126 /home/sadikubuntu/vcs/go/src/IoT-Group11-Handins/handin2/build_out/freertos_riscv_ram/libfreertos_riscv_ram.a(tasks.o)
                0x0000000023002308                xTaskResumeAll
 .text.vTaskDelayUntil
                0x000000002300242e       0x70 /home/sadikubuntu/vcs/go/src/IoT-Group11-Handins/handin2/build_out/freertos_riscv_ram/libfreertos_riscv_ram.a(tasks.o)
                0x000000002300242e                vTaskDelayUntil
 .text.vTaskSwitchContext
                0x000000002300249e       0xb2 /home/sadikubuntu/vcs/go/src/IoT-Group11-Handins/handin2/build_out/freertos_riscv_ram/libfreertos_riscv_ram.a(tasks.o)
                0x000000002300249e                vTaskSwitchContext
 .text.vTaskPlaceOnEventList
                0x0000000023002550       0x2c /home/sadikubuntu/vcs/go/src/IoT-Group11-Handins/handin2/build_out/freertos_riscv_ram/libfreertos_riscv_ram.a(tasks.o)
                0x0000000023002550                vTaskPlaceOnEventList
 .text.vTaskPlaceOnEventListRestricted
                0x000000002300257c       0x36 /home/sadikubuntu/vcs/go/src/IoT-Group11-Handins/handin2/build_out/freertos_riscv_ram/libfreertos_riscv_ram.a(tasks.o)
                0x000000002300257c                vTaskPlaceOnEventListRestricted
 .text.xTaskRemoveFromEventList
                0x00000000230025b2       0x84 /home/sadikubuntu/vcs/go/src/IoT-Group11-Handins/handin2/build_out/freertos_riscv_ram/libfreertos_riscv_ram.a(tasks.o)
                0x00000000230025b2                xTaskRemoveFromEventList
 .text.vTaskInternalSetTimeOutState
                0x0000000023002636        0xe /home/sadikubuntu/vcs/go/src/IoT-Group11-Handins/handin2/build_out/freertos_riscv_ram/libfreertos_riscv_ram.a(tasks.o)
                0x0000000023002636                vTaskInternalSetTimeOutState
 .text.xTaskCheckForTimeOut
                0x0000000023002644       0xa2 /home/sadikubuntu/vcs/go/src/IoT-Group11-Handins/handin2/build_out/freertos_riscv_ram/libfreertos_riscv_ram.a(tasks.o)
                0x0000000023002644                xTaskCheckForTimeOut
 .text.vTaskMissedYield
                0x00000000230026e6        0x8 /home/sadikubuntu/vcs/go/src/IoT-Group11-Handins/handin2/build_out/freertos_riscv_ram/libfreertos_riscv_ram.a(tasks.o)
                0x00000000230026e6                vTaskMissedYield
 .text.xTaskGetSchedulerState
                0x00000000230026ee       0x14 /home/sadikubuntu/vcs/go/src/IoT-Group11-Handins/handin2/build_out/freertos_riscv_ram/libfreertos_riscv_ram.a(tasks.o)
                0x00000000230026ee                xTaskGetSchedulerState
 .text.xTaskPriorityDisinherit
                0x0000000023002702       0xc4 /home/sadikubuntu/vcs/go/src/IoT-Group11-Handins/handin2/build_out/freertos_riscv_ram/libfreertos_riscv_ram.a(tasks.o)
                0x0000000023002702                xTaskPriorityDisinherit
 .text.vTaskEnterCritical
                0x00000000230027c6       0x10 /home/sadikubuntu/vcs/go/src/IoT-Group11-Handins/handin2/build_out/freertos_riscv_ram/libfreertos_riscv_ram.a(tasks.o)
                0x00000000230027c6                vTaskEnterCritical
 .text.vTaskExitCritical
                0x00000000230027d6       0x14 /home/sadikubuntu/vcs/go/src/IoT-Group11-Handins/handin2/build_out/freertos_riscv_ram/libfreertos_riscv_ram.a(tasks.o)
                0x00000000230027d6                vTaskExitCritical
 .text.prvCheckForValidListAndQueue
                0x00000000230027ea       0x74 /home/sadikubuntu/vcs/go/src/IoT-Group11-Handins/handin2/build_out/freertos_riscv_ram/libfreertos_riscv_ram.a(timers.o)
 .text.prvInsertTimerInActiveList
                0x000000002300285e       0x50 /home/sadikubuntu/vcs/go/src/IoT-Group11-Handins/handin2/build_out/freertos_riscv_ram/libfreertos_riscv_ram.a(timers.o)
 .text.xTimerCreateTimerTask
                0x00000000230028ae       0x52 /home/sadikubuntu/vcs/go/src/IoT-Group11-Handins/handin2/build_out/freertos_riscv_ram/libfreertos_riscv_ram.a(timers.o)
                0x00000000230028ae                xTimerCreateTimerTask
 .text.xTimerGenericCommand
                0x0000000023002900       0x8e /home/sadikubuntu/vcs/go/src/IoT-Group11-Handins/handin2/build_out/freertos_riscv_ram/libfreertos_riscv_ram.a(timers.o)
                0x0000000023002900                xTimerGenericCommand
 .text.prvSwitchTimerLists
                0x000000002300298e       0x80 /home/sadikubuntu/vcs/go/src/IoT-Group11-Handins/handin2/build_out/freertos_riscv_ram/libfreertos_riscv_ram.a(timers.o)
 .text.prvTimerTask
                0x0000000023002a0e      0x1d6 /home/sadikubuntu/vcs/go/src/IoT-Group11-Handins/handin2/build_out/freertos_riscv_ram/libfreertos_riscv_ram.a(timers.o)
 .text.vPortSetupTimerInterrupt
                0x0000000023002be4       0x46 /home/sadikubuntu/vcs/go/src/IoT-Group11-Handins/handin2/build_out/freertos_riscv_ram/libfreertos_riscv_ram.a(port.o)
                0x0000000023002be4                vPortSetupTimerInterrupt
 .text.xPortStartScheduler
                0x0000000023002c2a       0x3e /home/sadikubuntu/vcs/go/src/IoT-Group11-Handins/handin2/build_out/freertos_riscv_ram/libfreertos_riscv_ram.a(port.o)
                0x0000000023002c2a                xPortStartScheduler
 *fill*         0x0000000023002c68       0x98 
 .text          0x0000000023002d00      0x538 /home/sadikubuntu/vcs/go/src/IoT-Group11-Handins/handin2/build_out/freertos_riscv_ram/libfreertos_riscv_ram.a(portASM.o)
                0x0000000023002d00                freertos_risc_v_trap_handler
                0x0000000023003000                xPortStartFirstTask
                0x0000000023003100                pxPortInitialiseStack
 .text.prvInsertBlockIntoFreeList
                0x0000000023003238       0x4a /home/sadikubuntu/vcs/go/src/IoT-Group11-Handins/handin2/build_out/freertos_riscv_ram/libfreertos_riscv_ram.a(heap_5.o)
 .text.pvPortMalloc
                0x0000000023003282       0xd2 /home/sadikubuntu/vcs/go/src/IoT-Group11-Handins/handin2/build_out/freertos_riscv_ram/libfreertos_riscv_ram.a(heap_5.o)
                0x0000000023003282                pvPortMalloc
 .text.vPortFree
                0x0000000023003354       0x88 /home/sadikubuntu/vcs/go/src/IoT-Group11-Handins/handin2/build_out/freertos_riscv_ram/libfreertos_riscv_ram.a(heap_5.o)
                0x0000000023003354                vPortFree
 .text.xPortGetFreeHeapSize
                0x00000000230033dc        0x6 /home/sadikubuntu/vcs/go/src/IoT-Group11-Handins/handin2/build_out/freertos_riscv_ram/libfreertos_riscv_ram.a(heap_5.o)
                0x00000000230033dc                xPortGetFreeHeapSize
 .text.vPortDefineHeapRegions
                0x00000000230033e2       0xe8 /home/sadikubuntu/vcs/go/src/IoT-Group11-Handins/handin2/build_out/freertos_riscv_ram/libfreertos_riscv_ram.a(heap_5.o)
                0x00000000230033e2                vPortDefineHeapRegions
 .text.vListInitialise
                0x00000000230034ca       0x14 /home/sadikubuntu/vcs/go/src/IoT-Group11-Handins/handin2/build_out/freertos_riscv_ram/libfreertos_riscv_ram.a(list.o)
                0x00000000230034ca                vListInitialise
 .text.vListInitialiseItem
                0x00000000230034de        0x6 /home/sadikubuntu/vcs/go/src/IoT-Group11-Handins/handin2/build_out/freertos_riscv_ram/libfreertos_riscv_ram.a(list.o)
                0x00000000230034de                vListInitialiseItem
 .text.vListInsertEnd
                0x00000000230034e4       0x16 /home/sadikubuntu/vcs/go/src/IoT-Group11-Handins/handin2/build_out/freertos_riscv_ram/libfreertos_riscv_ram.a(list.o)
                0x00000000230034e4                vListInsertEnd
 .text.vListInsert
                0x00000000230034fa       0x30 /home/sadikubuntu/vcs/go/src/IoT-Group11-Handins/handin2/build_out/freertos_riscv_ram/libfreertos_riscv_ram.a(list.o)
                0x00000000230034fa                vListInsert
 .text.uxListRemove
                0x000000002300352a       0x32 /home/sadikubuntu/vcs/go/src/IoT-Group11-Handins/handin2/build_out/freertos_riscv_ram/libfreertos_riscv_ram.a(list.o)
                0x000000002300352a                uxListRemove
 .text.prvCopyDataToQueue
                0x000000002300355c       0xa4 /home/sadikubuntu/vcs/go/src/IoT-Group11-Handins/handin2/build_out/freertos_riscv_ram/libfreertos_riscv_ram.a(queue.o)
 .text.prvCopyDataFromQueue
                0x0000000023003600       0x1e /home/sadikubuntu/vcs/go/src/IoT-Group11-Handins/handin2/build_out/freertos_riscv_ram/libfreertos_riscv_ram.a(queue.o)
 .text.prvUnlockQueue
                0x000000002300361e       0xb6 /home/sadikubuntu/vcs/go/src/IoT-Group11-Handins/handin2/build_out/freertos_riscv_ram/libfreertos_riscv_ram.a(queue.o)
 .text.xQueueGenericReset
                0x00000000230036d4       0x92 /home/sadikubuntu/vcs/go/src/IoT-Group11-Handins/handin2/build_out/freertos_riscv_ram/libfreertos_riscv_ram.a(queue.o)
                0x00000000230036d4                xQueueGenericReset
 .text.xQueueGenericCreateStatic
                0x0000000023003766       0x7e /home/sadikubuntu/vcs/go/src/IoT-Group11-Handins/handin2/build_out/freertos_riscv_ram/libfreertos_riscv_ram.a(queue.o)
                0x0000000023003766                xQueueGenericCreateStatic
 .text.xQueueGenericSend
                0x00000000230037e4      0x158 /home/sadikubuntu/vcs/go/src/IoT-Group11-Handins/handin2/build_out/freertos_riscv_ram/libfreertos_riscv_ram.a(queue.o)
                0x00000000230037e4                xQueueGenericSend
 .text.xQueueGenericSendFromISR
                0x000000002300393c       0xba /home/sadikubuntu/vcs/go/src/IoT-Group11-Handins/handin2/build_out/freertos_riscv_ram/libfreertos_riscv_ram.a(queue.o)
                0x000000002300393c                xQueueGenericSendFromISR
 .text.xQueueReceive
                0x00000000230039f6      0x14c /home/sadikubuntu/vcs/go/src/IoT-Group11-Handins/handin2/build_out/freertos_riscv_ram/libfreertos_riscv_ram.a(queue.o)
                0x00000000230039f6                xQueueReceive
 .text.vQueueAddToRegistry
                0x0000000023003b42       0x28 /home/sadikubuntu/vcs/go/src/IoT-Group11-Handins/handin2/build_out/freertos_riscv_ram/libfreertos_riscv_ram.a(queue.o)
                0x0000000023003b42                vQueueAddToRegistry
 .text.vQueueWaitForMessageRestricted
                0x0000000023003b6a       0x6c /home/sadikubuntu/vcs/go/src/IoT-Group11-Handins/handin2/build_out/freertos_riscv_ram/libfreertos_riscv_ram.a(queue.o)
                0x0000000023003b6a                vQueueWaitForMessageRestricted
 .text.uart_generic_notify_handler
                0x0000000023003bd6       0xf2 /home/sadikubuntu/vcs/go/src/IoT-Group11-Handins/handin2/build_out/hal_drv/libhal_drv.a(bl_uart.o)
 .text.UART0_IRQHandler
                0x0000000023003cc8        0x6 /home/sadikubuntu/vcs/go/src/IoT-Group11-Handins/handin2/build_out/hal_drv/libhal_drv.a(bl_uart.o)
                0x0000000023003cc8                UART0_IRQHandler
 .text.UART1_IRQHandler
                0x0000000023003cce        0x6 /home/sadikubuntu/vcs/go/src/IoT-Group11-Handins/handin2/build_out/hal_drv/libhal_drv.a(bl_uart.o)
                0x0000000023003cce                UART1_IRQHandler
 .text.bl_uart_init
                0x0000000023003cd4       0xe8 /home/sadikubuntu/vcs/go/src/IoT-Group11-Handins/handin2/build_out/hal_drv/libhal_drv.a(bl_uart.o)
                0x0000000023003cd4                bl_uart_init
 .text.bl_uart_data_send
                0x0000000023003dbc       0x36 /home/sadikubuntu/vcs/go/src/IoT-Group11-Handins/handin2/build_out/hal_drv/libhal_drv.a(bl_uart.o)
                0x0000000023003dbc                bl_uart_data_send
 .text.interrupt_entry
                0x0000000023003df2       0x4e /home/sadikubuntu/vcs/go/src/IoT-Group11-Handins/handin2/build_out/hal_drv/libhal_drv.a(bl_irq.o)
                0x0000000023003df2                interrupt_entry
 .text.exception_entry
                0x0000000023003e40      0x13a /home/sadikubuntu/vcs/go/src/IoT-Group11-Handins/handin2/build_out/hal_drv/libhal_drv.a(bl_irq.o)
                0x0000000023003e40                exception_entry
 .text.bl_rtc_init
                0x0000000023003f7a       0x1a /home/sadikubuntu/vcs/go/src/IoT-Group11-Handins/handin2/build_out/hal_drv/libhal_drv.a(bl_rtc.o)
                0x0000000023003f7a                bl_rtc_init
 .text.bl_rtc_get_counter
                0x0000000023003f94       0x16 /home/sadikubuntu/vcs/go/src/IoT-Group11-Handins/handin2/build_out/hal_drv/libhal_drv.a(bl_rtc.o)
                0x0000000023003f94                bl_rtc_get_counter
 .text.bl_rtc_get_timestamp_ms
                0x0000000023003faa       0x50 /home/sadikubuntu/vcs/go/src/IoT-Group11-Handins/handin2/build_out/hal_drv/libhal_drv.a(bl_rtc.o)
                0x0000000023003faa                bl_rtc_get_timestamp_ms
 .text.bl_sys_time_sync_state
                0x0000000023003ffa       0x58 /home/sadikubuntu/vcs/go/src/IoT-Group11-Handins/handin2/build_out/bltime/libbltime.a(bl_sys_time.o)
                0x0000000023003ffa                bl_sys_time_sync_state
 .text.misaligned_load_trap
                0x0000000023004052      0x152 /home/sadikubuntu/vcs/go/src/IoT-Group11-Handins/handin2/build_out/freertos_riscv_ram/libfreertos_riscv_ram.a(misaligned_ldst.o)
                0x0000000023004052                misaligned_load_trap
 .text.misaligned_store_trap
                0x00000000230041a4      0x14c /home/sadikubuntu/vcs/go/src/IoT-Group11-Handins/handin2/build_out/freertos_riscv_ram/libfreertos_riscv_ram.a(misaligned_ldst.o)
                0x00000000230041a4                misaligned_store_trap
 .text          0x00000000230042f0      0x200 /home/sadikubuntu/vcs/go/src/IoT-Group11-Handins/handin2/build_out/freertos_riscv_ram/libfreertos_riscv_ram.a(fp_asm.o)
                0x00000000230042f0                get_f32_reg
                0x00000000230043f0                put_f32_reg
 .text.backtrace_riscv
                0x00000000230044f0        0x4 /home/sadikubuntu/vcs/go/src/IoT-Group11-Handins/handin2/build_out/freertos_riscv_ram/libfreertos_riscv_ram.a(panic_c.o)
                0x00000000230044f0                backtrace_riscv
                0x00000000230044f0                backtrace_now
 .text          0x00000000230044f4       0xf4 /home/sadikubuntu/vcs/go/src/IoT-Group11-Handins/handin2/bl_iot_sdk/toolchain/riscv/Linux/bin/../lib/gcc/riscv64-unknown-elf/8.3.0/../../../../riscv64-unknown-elf/lib/rv32imf/ilp32f/libm.a(lib_a-s_modf.o)
                0x00000000230044f4                modf
 .text          0x00000000230045e8       0x4c /home/sadikubuntu/vcs/go/src/IoT-Group11-Handins/handin2/bl_iot_sdk/toolchain/riscv/Linux/bin/../lib/gcc/riscv64-unknown-elf/8.3.0/rv32imf/ilp32f/libgcc.a(_clzsi2.o)
                0x00000000230045e8                __clzsi2
 .text          0x0000000023004634      0x434 /home/sadikubuntu/vcs/go/src/IoT-Group11-Handins/handin2/bl_iot_sdk/toolchain/riscv/Linux/bin/../lib/gcc/riscv64-unknown-elf/8.3.0/rv32imf/ilp32f/libgcc.a(_udivdi3.o)
                0x0000000023004634                __udivdi3
 .text          0x0000000023004a68      0x410 /home/sadikubuntu/vcs/go/src/IoT-Group11-Handins/handin2/bl_iot_sdk/toolchain/riscv/Linux/bin/../lib/gcc/riscv64-unknown-elf/8.3.0/rv32imf/ilp32f/libgcc.a(_umoddi3.o)
                0x0000000023004a68                __umoddi3
 .text          0x0000000023004e78      0xb50 /home/sadikubuntu/vcs/go/src/IoT-Group11-Handins/handin2/bl_iot_sdk/toolchain/riscv/Linux/bin/../lib/gcc/riscv64-unknown-elf/8.3.0/rv32imf/ilp32f/libgcc.a(adddf3.o)
                0x0000000023004e78                __adddf3
 .text          0x00000000230059c8      0x8ac /home/sadikubuntu/vcs/go/src/IoT-Group11-Handins/handin2/bl_iot_sdk/toolchain/riscv/Linux/bin/../lib/gcc/riscv64-unknown-elf/8.3.0/rv32imf/ilp32f/libgcc.a(divdf3.o)
                0x00000000230059c8                __divdf3
 .text          0x0000000023006274       0xc8 /home/sadikubuntu/vcs/go/src/IoT-Group11-Handins/handin2/bl_iot_sdk/toolchain/riscv/Linux/bin/../lib/gcc/riscv64-unknown-elf/8.3.0/rv32imf/ilp32f/libgcc.a(eqdf2.o)
                0x0000000023006274                __eqdf2
                0x0000000023006274                __nedf2
 .text          0x000000002300633c       0xec /home/sadikubuntu/vcs/go/src/IoT-Group11-Handins/handin2/bl_iot_sdk/toolchain/riscv/Linux/bin/../lib/gcc/riscv64-unknown-elf/8.3.0/rv32imf/ilp32f/libgcc.a(gedf2.o)
                0x000000002300633c                __gtdf2
                0x000000002300633c                __gedf2
 .text          0x0000000023006428       0xec /home/sadikubuntu/vcs/go/src/IoT-Group11-Handins/handin2/bl_iot_sdk/toolchain/riscv/Linux/bin/../lib/gcc/riscv64-unknown-elf/8.3.0/rv32imf/ilp32f/libgcc.a(ledf2.o)
                0x0000000023006428                __ltdf2
                0x0000000023006428                __ledf2
 .text          0x0000000023006514      0x79c /home/sadikubuntu/vcs/go/src/IoT-Group11-Handins/handin2/bl_iot_sdk/toolchain/riscv/Linux/bin/../lib/gcc/riscv64-unknown-elf/8.3.0/rv32imf/ilp32f/libgcc.a(muldf3.o)
                0x0000000023006514                __muldf3
 .text          0x0000000023006cb0      0xb38 /home/sadikubuntu/vcs/go/src/IoT-Group11-Handins/handin2/bl_iot_sdk/toolchain/riscv/Linux/bin/../lib/gcc/riscv64-unknown-elf/8.3.0/rv32imf/ilp32f/libgcc.a(subdf3.o)
                0x0000000023006cb0                __subdf3
 .text          0x00000000230077e8       0xfc /home/sadikubuntu/vcs/go/src/IoT-Group11-Handins/handin2/bl_iot_sdk/toolchain/riscv/Linux/bin/../lib/gcc/riscv64-unknown-elf/8.3.0/rv32imf/ilp32f/libgcc.a(fixdfsi.o)
                0x00000000230077e8                __fixdfsi
 .text          0x00000000230078e4       0xac /home/sadikubuntu/vcs/go/src/IoT-Group11-Handins/handin2/bl_iot_sdk/toolchain/riscv/Linux/bin/../lib/gcc/riscv64-unknown-elf/8.3.0/rv32imf/ilp32f/libgcc.a(floatsidf.o)
                0x00000000230078e4                __floatsidf
 .text          0x0000000023007990      0x110 /home/sadikubuntu/vcs/go/src/IoT-Group11-Handins/handin2/bl_iot_sdk/toolchain/riscv/Linux/bin/../lib/gcc/riscv64-unknown-elf/8.3.0/rv32imf/ilp32f/libgcc.a(extendsfdf2.o)
                0x0000000023007990                __extendsfdf2
 .text          0x0000000023007aa0      0x2d8 /home/sadikubuntu/vcs/go/src/IoT-Group11-Handins/handin2/bl_iot_sdk/toolchain/riscv/Linux/bin/../lib/gcc/riscv64-unknown-elf/8.3.0/rv32imf/ilp32f/libgcc.a(truncdfsf2.o)
                0x0000000023007aa0                __truncdfsf2
 .text          0x0000000023007d78      0x11c /home/sadikubuntu/vcs/go/src/IoT-Group11-Handins/handin2/bl_iot_sdk/toolchain/riscv/Linux/bin/../lib/gcc/riscv64-unknown-elf/8.3.0/../../../../riscv64-unknown-elf/lib/rv32imf/ilp32f/libc.a(lib_a-memcpy.o)
                0x0000000023007d78                memcpy
 .text          0x0000000023007e94       0xdc /home/sadikubuntu/vcs/go/src/IoT-Group11-Handins/handin2/bl_iot_sdk/toolchain/riscv/Linux/bin/../lib/gcc/riscv64-unknown-elf/8.3.0/../../../../riscv64-unknown-elf/lib/rv32imf/ilp32f/libc.a(lib_a-memset.o)
                0x0000000023007e94                memset
 .text          0x0000000023007f70       0x8c /home/sadikubuntu/vcs/go/src/IoT-Group11-Handins/handin2/bl_iot_sdk/toolchain/riscv/Linux/bin/../lib/gcc/riscv64-unknown-elf/8.3.0/../../../../riscv64-unknown-elf/lib/rv32imf/ilp32f/libc.a(lib_a-strlen.o)
                0x0000000023007f70                strlen
 .text          0x0000000023007ffc       0x44 /home/sadikubuntu/vcs/go/src/IoT-Group11-Handins/handin2/bl_iot_sdk/toolchain/riscv/Linux/bin/../lib/gcc/riscv64-unknown-elf/8.3.0/../../../../riscv64-unknown-elf/lib/rv32imf/ilp32f/libc.a(lib_a-strnlen.o)
                0x0000000023007ffc                strnlen
 *(.gnu.linkonce.t.*)

.rodata         0x0000000023008040      0x7ec
 *(.rdata)
 *(.rodata .rodata.*)
 .rodata        0x0000000023008040        0xe /home/sadikubuntu/vcs/go/src/IoT-Group11-Handins/handin2/build_out/adc/libadc.a(main.o)
 *fill*         0x000000002300804e        0x2 
 .rodata.TaskSample.str1.4
                0x0000000023008050        0x7 /home/sadikubuntu/vcs/go/src/IoT-Group11-Handins/handin2/build_out/adc/libadc.a(main.o)
 *fill*         0x0000000023008057        0x1 
 .rodata.bfl_main.str1.4
                0x0000000023008058        0xe /home/sadikubuntu/vcs/go/src/IoT-Group11-Handins/handin2/build_out/adc/libadc.a(main.o)
 *fill*         0x0000000023008066        0x2 
 .rodata.vApplicationMallocFailedHook.str1.4
                0x0000000023008068       0x38 /home/sadikubuntu/vcs/go/src/IoT-Group11-Handins/handin2/build_out/adc/libadc.a(system.o)
 .rodata.vApplicationStackOverflowHook.str1.4
                0x00000000230080a0       0x19 /home/sadikubuntu/vcs/go/src/IoT-Group11-Handins/handin2/build_out/adc/libadc.a(system.o)
 *fill*         0x00000000230080b9        0x3 
 .rodata.vsnprintf
                0x00000000230080bc      0x1f4 /home/sadikubuntu/vcs/go/src/IoT-Group11-Handins/handin2/build_out/bl602/libbl602.a(debug.o)
 .rodata.cvt.cst8
                0x00000000230082b0       0x18 /home/sadikubuntu/vcs/go/src/IoT-Group11-Handins/handin2/build_out/bl602/libbl602.a(debug.o)
 .rodata.lcdigits.2256
                0x00000000230082c8       0x11 /home/sadikubuntu/vcs/go/src/IoT-Group11-Handins/handin2/build_out/bl602/libbl602.a(debug.o)
 *fill*         0x00000000230082d9        0x3 
 .rodata.ucdigits.2257
                0x00000000230082dc       0x11 /home/sadikubuntu/vcs/go/src/IoT-Group11-Handins/handin2/build_out/bl602/libbl602.a(debug.o)
 *fill*         0x00000000230082ed        0x3 
 .rodata.vsnprintf.str1.4
                0x00000000230082f0        0x7 /home/sadikubuntu/vcs/go/src/IoT-Group11-Handins/handin2/build_out/bl602/libbl602.a(debug.o)
 *fill*         0x00000000230082f7        0x1 
 .rodata.ADC_Parse_Result.cst4
                0x00000000230082f8        0xc /home/sadikubuntu/vcs/go/src/IoT-Group11-Handins/handin2/build_out/bl602_std/libbl602_std.a(bl602_adc.o)
 *fill*         0x0000000023008304        0x4 
 .rodata.ADC_Parse_Result.cst8
                0x0000000023008308       0x30 /home/sadikubuntu/vcs/go/src/IoT-Group11-Handins/handin2/build_out/bl602_std/libbl602_std.a(bl602_adc.o)
 .rodata.Default_Handler.str1.4
                0x0000000023008338       0x12 /home/sadikubuntu/vcs/go/src/IoT-Group11-Handins/handin2/build_out/bl602_std/libbl602_std.a(bl602_common.o)
 *fill*         0x000000002300834a        0x2 
 .rodata.vTaskStartScheduler.str1.4
                0x000000002300834c        0x5 /home/sadikubuntu/vcs/go/src/IoT-Group11-Handins/handin2/build_out/freertos_riscv_ram/libfreertos_riscv_ram.a(tasks.o)
 *fill*         0x0000000023008351        0x3 
 .rodata.prvTimerTask
                0x0000000023008354       0x28 /home/sadikubuntu/vcs/go/src/IoT-Group11-Handins/handin2/build_out/freertos_riscv_ram/libfreertos_riscv_ram.a(timers.o)
 .rodata.prvCheckForValidListAndQueue.str1.4
                0x000000002300837c        0x5 /home/sadikubuntu/vcs/go/src/IoT-Group11-Handins/handin2/build_out/freertos_riscv_ram/libfreertos_riscv_ram.a(timers.o)
 *fill*         0x0000000023008381        0x3 
 .rodata.xTimerCreateTimerTask.str1.4
                0x0000000023008384        0x8 /home/sadikubuntu/vcs/go/src/IoT-Group11-Handins/handin2/build_out/freertos_riscv_ram/libfreertos_riscv_ram.a(timers.o)
 .rodata        0x000000002300838c       0x20 /home/sadikubuntu/vcs/go/src/IoT-Group11-Handins/handin2/build_out/hal_drv/libhal_drv.a(bl_uart.o)
 .rodata.exception_entry
                0x00000000230083ac       0x40 /home/sadikubuntu/vcs/go/src/IoT-Group11-Handins/handin2/build_out/hal_drv/libhal_drv.a(bl_irq.o)
 .rodata.exception_entry.str1.4
                0x00000000230083ec      0x26c /home/sadikubuntu/vcs/go/src/IoT-Group11-Handins/handin2/build_out/hal_drv/libhal_drv.a(bl_irq.o)
 .rodata.interrupt_entry.str1.4
                0x0000000023008658       0x40 /home/sadikubuntu/vcs/go/src/IoT-Group11-Handins/handin2/build_out/hal_drv/libhal_drv.a(bl_irq.o)
 .rodata        0x0000000023008698       0x3c /home/sadikubuntu/vcs/go/src/IoT-Group11-Handins/handin2/bl_iot_sdk/toolchain/riscv/Linux/bin/../lib/gcc/riscv64-unknown-elf/8.3.0/rv32imf/ilp32f/libgcc.a(divdf3.o)
 .rodata        0x00000000230086d4       0x3c /home/sadikubuntu/vcs/go/src/IoT-Group11-Handins/handin2/bl_iot_sdk/toolchain/riscv/Linux/bin/../lib/gcc/riscv64-unknown-elf/8.3.0/rv32imf/ilp32f/libgcc.a(muldf3.o)
 .rodata        0x0000000023008710      0x100 /home/sadikubuntu/vcs/go/src/IoT-Group11-Handins/handin2/bl_iot_sdk/toolchain/riscv/Linux/bin/../lib/gcc/riscv64-unknown-elf/8.3.0/rv32imf/ilp32f/libgcc.a(_clz.o)
                0x0000000023008710                __clz_tab
 *(.sdata2.*)
 .sdata2.uartAddr
                0x0000000023008810        0x8 /home/sadikubuntu/vcs/go/src/IoT-Group11-Handins/handin2/build_out/bl602_std/libbl602_std.a(bl602_uart.o)
 .sdata2.pullMachineTimerCompareRegister
                0x0000000023008818        0x4 /home/sadikubuntu/vcs/go/src/IoT-Group11-Handins/handin2/build_out/freertos_riscv_ram/libfreertos_riscv_ram.a(port.o)
                0x0000000023008818                pullMachineTimerCompareRegister
 .sdata2.uxTimerIncrementsForOneTick
                0x000000002300881c        0x4 /home/sadikubuntu/vcs/go/src/IoT-Group11-Handins/handin2/build_out/freertos_riscv_ram/libfreertos_riscv_ram.a(port.o)
                0x000000002300881c                uxTimerIncrementsForOneTick
 .sdata2.xISRStackTop
                0x0000000023008820        0x4 /home/sadikubuntu/vcs/go/src/IoT-Group11-Handins/handin2/build_out/freertos_riscv_ram/libfreertos_riscv_ram.a(port.o)
                0x0000000023008820                xISRStackTop
 .sdata2.uartAddr
                0x0000000023008824        0x8 /home/sadikubuntu/vcs/go/src/IoT-Group11-Handins/handin2/build_out/hal_drv/libhal_drv.a(bl_uart.o)
                0x000000002300882c                . = ALIGN (0x4)
                0x000000002300882c                _bl_static_cli_cmds_start = .
 *(.static_cli_cmds)
 *(.static_cli_cmds)
                0x000000002300882c                _bl_static_cli_cmds_end = .
                0x000000002300882c                . = ALIGN (0x4)
                0x000000002300882c                _bl_static_blogcomponent_code_start = .
 SORT_BY_NAME(*)(.static_blogcomponent_code*)
 *(.static_blogcomponent_code*)
                0x000000002300882c                _bl_static_blogcomponent_code_end = .
                0x000000002300882c                . = ALIGN (0x4)
                0x000000002300882c                _bl_static_blogfile_code_start = .
 SORT_BY_NAME(*)(.static_blogfile_code*)
 *(.static_blogfile_code*)
                0x000000002300882c                _bl_static_blogfile_code_end = .
                0x000000002300882c                . = ALIGN (0x4)
                0x000000002300882c                _bl_static_blogpri_code_start = .
 SORT_BY_NAME(*)(.static_blogpri_code*)
 *(.static_blogpri_code*)
                0x000000002300882c                _bl_static_blogpri_code_end = .
 *(.gnu.linkonce.r.*)

.rela.dyn       0x000000002300882c        0x0
 .rela.init     0x000000002300882c        0x0 /home/sadikubuntu/vcs/go/src/IoT-Group11-Handins/handin2/build_out/bl602/libbl602.a(start.o)
 .rela.text.hal_boot2_get_flash_addr
                0x000000002300882c        0x0 /home/sadikubuntu/vcs/go/src/IoT-Group11-Handins/handin2/build_out/bl602/libbl602.a(start.o)
 .rela.data.xHeapRegions
                0x000000002300882c        0x0 /home/sadikubuntu/vcs/go/src/IoT-Group11-Handins/handin2/build_out/bl602/libbl602.a(start.o)
 .rela.text.xPortStartScheduler
                0x000000002300882c        0x0 /home/sadikubuntu/vcs/go/src/IoT-Group11-Handins/handin2/build_out/bl602/libbl602.a(start.o)
 .rela.sdata2.xISRStackTop
                0x000000002300882c        0x0 /home/sadikubuntu/vcs/go/src/IoT-Group11-Handins/handin2/build_out/bl602/libbl602.a(start.o)
 .rela.text.vQueueAddToRegistry
                0x000000002300882c        0x0 /home/sadikubuntu/vcs/go/src/IoT-Group11-Handins/handin2/build_out/bl602/libbl602.a(start.o)
 .rela.text.exception_entry
                0x000000002300882c        0x0 /home/sadikubuntu/vcs/go/src/IoT-Group11-Handins/handin2/build_out/bl602/libbl602.a(start.o)

.preinit_array  0x000000002300882c        0x0
                0x000000002300882c                . = ALIGN (0x4)
                0x000000002300882c                __preinit_array_start = .
 *(.preinit_array)
                0x000000002300882c                __preinit_array_end = .

.init_array     0x000000002300882c        0x0
                0x000000002300882c                . = ALIGN (0x4)
                0x000000002300882c                __init_array_start = .
 *(SORT_BY_INIT_PRIORITY(.init_array.*))
 *(.init_array)
                0x000000002300882c                __init_array_end = .

.wifibss        0x0000000042030000        0x0
                0x0000000042030000                PROVIDE (__wifi_bss_start = ADDR (.wifibss))
                0x0000000042030000                PROVIDE (__wifi_bss_end = (ADDR (.wifibss) + SIZEOF (.wifibss)))
 *ipc_shared.o(COMMON)
 *sdu_shared.o(COMMON)
 *hal_desc.o(COMMON)
 *txl_buffer_shared.o(COMMON)
 *txl_frame_shared.o(COMMON)
 *scan_shared.o(COMMON)
 *scanu_shared.o(COMMON)
 *mfp_bip.o(COMMON)
 *me_mic.o(COMMON)
 *bl_sta_mgmt_others.o(COMMON)
 *bl_pmk_mgmt.o(COMMON)
 *bl_pmk_mgmt_internal.o(COMMON)
 *libwifi_drv.a:bl_utils.o(COMMON)
 *libwifi_drv.a:bl_utils.o(.bss*)
 *(.wifi_ram*)
                0x0000000042030000                . = ALIGN (0x10)
                0x0000000042030000                PROVIDE (_heap_wifi_start = .)
                0x000000000001a000                PROVIDE (_heap_wifi_size = ((ORIGIN (ram_wifi) + LENGTH (ram_wifi)) - _heap_wifi_start))

.data           0x000000004200c000      0xa90 load address 0x000000002300882c
                0x000000002300882c                PROVIDE (_data_load = LOADADDR (.data))
                0x000000004200c000                PROVIDE (_data_run = ADDR (.data))
                0x000000004200ca90                PROVIDE (_data_run_end = (ADDR (.data) + SIZEOF (.data)))
 *(.tcm_code)
 .tcm_code      0x000000004200c000      0x550 /home/sadikubuntu/vcs/go/src/IoT-Group11-Handins/handin2/build_out/bl602_std/libbl602_std.a(bl602_romapi.o)
                0x000000004200c000                AON_Power_On_BG
                0x000000004200c00a                AON_Power_Off_BG
                0x000000004200c014                AON_Power_On_LDO11_SOC
                0x000000004200c01e                AON_Power_Off_LDO11_SOC
                0x000000004200c028                AON_Power_On_LDO15_RF
                0x000000004200c032                AON_Power_Off_LDO15_RF
                0x000000004200c03c                AON_Power_On_SFReg
                0x000000004200c046                AON_Power_Off_SFReg
                0x000000004200c050                AON_LowPower_Enter_PDS0
                0x000000004200c05a                AON_LowPower_Exit_PDS0
                0x000000004200c064                ASM_Delay_Us
                0x000000004200c06e                BL602_Delay_US
                0x000000004200c078                BL602_Delay_MS
                0x000000004200c082                BL602_MemCpy
                0x000000004200c08c                BL602_MemCpy4
                0x000000004200c096                BL602_MemCpy_Fast
                0x000000004200c0a0                BL602_MemSet
                0x000000004200c0aa                BL602_MemSet4
                0x000000004200c0b4                BL602_MemCmp
                0x000000004200c0be                EF_Ctrl_Sw_AHB_Clk_0
                0x000000004200c0c8                EF_Ctrl_Program_Efuse_0
                0x000000004200c0d2                EF_Ctrl_Load_Efuse_R0
                0x000000004200c0dc                EF_Ctrl_Busy
                0x000000004200c0e6                EF_Ctrl_AutoLoad_Done
                0x000000004200c0f0                EF_Ctrl_Clear
                0x000000004200c0fa                GLB_SW_System_Reset
                0x000000004200c104                GLB_SW_CPU_Reset
                0x000000004200c10e                GLB_SW_POR_Reset
                0x000000004200c118                GLB_Select_Internal_Flash
                0x000000004200c122                GLB_Select_External_Flash
                0x000000004200c12c                GLB_Deswap_Flash_Pin
                0x000000004200c136                GLB_Swap_Flash_Pin
                0x000000004200c140                GLB_GPIO_Init
                0x000000004200c14a                GLB_GPIO_OUTPUT_Enable
                0x000000004200c154                GLB_GPIO_OUTPUT_Disable
                0x000000004200c15e                GLB_GPIO_Set_HZ
                0x000000004200c168                GLB_GPIO_Get_Fun
                0x000000004200c172                HBN_Mode_Enter
                0x000000004200c17c                HBN_Power_Down_Flash
                0x000000004200c186                HBN_Enable
                0x000000004200c190                HBN_Reset
                0x000000004200c19a                HBN_Set_Ldo11_Aon_Vout
                0x000000004200c1a4                HBN_Set_Ldo11_Rt_Vout
                0x000000004200c1ae                HBN_Set_Ldo11_Soc_Vout
                0x000000004200c1b8                HBN_Hw_Pu_Pd_Cfg
                0x000000004200c1c2                HBN_Pin_WakeUp_Mask
                0x000000004200c1cc                HBN_GPIO7_Dbg_Pull_Cfg
                0x000000004200c1d6                HBN_Set_Embedded_Flash_Pullup
                0x000000004200c1e0                L1C_Set_Wrap
                0x000000004200c1ea                L1C_Set_Way_Disable
                0x000000004200c1f4                L1C_IROM_2T_Access_Set
                0x000000004200c1fe                PDS_Reset
                0x000000004200c208                PDS_Force_Config
                0x000000004200c212                PDS_RAM_Config
                0x000000004200c21c                PDS_Default_Level_Config
                0x000000004200c226                SEC_Eng_Turn_On_Sec_Ring
                0x000000004200c230                SEC_Eng_Turn_Off_Sec_Ring
                0x000000004200c23a                SFlash_Init
                0x000000004200c244                SFlash_SetSPIMode
                0x000000004200c24e                SFlash_Read_Reg
                0x000000004200c258                SFlash_Write_Reg
                0x000000004200c262                SFlash_Busy
                0x000000004200c26c                SFlash_Write_Enable
                0x000000004200c276                SFlash_Qspi_Enable
                0x000000004200c280                SFlash_Volatile_Reg_Write_Enable
                0x000000004200c28a                SFlash_Chip_Erase
                0x000000004200c294                SFlash_Sector_Erase
                0x000000004200c29e                SFlash_Blk32_Erase
                0x000000004200c2a8                SFlash_Blk64_Erase
                0x000000004200c2b2                SFlash_Erase
                0x000000004200c2bc                SFlash_Program
                0x000000004200c2c6                SFlash_GetUniqueId
                0x000000004200c2d0                SFlash_GetJedecId
                0x000000004200c2da                SFlash_GetDeviceId
                0x000000004200c2e4                SFlash_Powerdown
                0x000000004200c2ee                SFlash_Releae_Powerdown
                0x000000004200c2f8                SFlash_SetBurstWrap
                0x000000004200c302                SFlash_DisableBurstWrap
                0x000000004200c30c                SFlash_Software_Reset
                0x000000004200c316                SFlash_Reset_Continue_Read
                0x000000004200c320                SFlash_Set_IDbus_Cfg
                0x000000004200c32a                SFlash_IDbus_Read_Enable
                0x000000004200c334                SFlash_Cache_Enable_Set
                0x000000004200c33e                SFlash_Cache_Flush
                0x000000004200c348                SFlash_Cache_Read_Enable
                0x000000004200c352                SFlash_Cache_Hit_Count_Get
                0x000000004200c35c                SFlash_Cache_Miss_Count_Get
                0x000000004200c366                SFlash_Cache_Read_Disable
                0x000000004200c370                SFlash_Read
                0x000000004200c37a                SFlash_Read_Reg_With_Cmd
                0x000000004200c384                SFlash_Write_Reg_With_Cmd
                0x000000004200c38e                SF_Cfg_Init_Ext_Flash_Gpio
                0x000000004200c398                SF_Cfg_Init_Internal_Flash_Gpio
                0x000000004200c3a2                SF_Cfg_Deinit_Ext_Flash_Gpio
                0x000000004200c3ac                SF_Cfg_Restore_GPIO17_Fun
                0x000000004200c3b6                SF_Cfg_Get_Flash_Cfg_Need_Lock
                0x000000004200c3c0                SF_Cfg_Init_Flash_Gpio
                0x000000004200c3ca                SF_Cfg_Flash_Identify
                0x000000004200c3d4                SF_Ctrl_Enable
                0x000000004200c3de                SF_Ctrl_Select_Pad
                0x000000004200c3e8                SF_Ctrl_Set_Owner
                0x000000004200c3f2                SF_Ctrl_Disable
                0x000000004200c3fc                SF_Ctrl_AES_Enable_BE
                0x000000004200c406                SF_Ctrl_AES_Enable_LE
                0x000000004200c410                SF_Ctrl_AES_Set_Region
                0x000000004200c41a                SF_Ctrl_AES_Set_Key
                0x000000004200c424                SF_Ctrl_AES_Set_Key_BE
                0x000000004200c42e                SF_Ctrl_AES_Set_IV
                0x000000004200c438                SF_Ctrl_AES_Set_IV_BE
                0x000000004200c442                SF_Ctrl_AES_Enable
                0x000000004200c44c                SF_Ctrl_AES_Disable
                0x000000004200c456                SF_Ctrl_Set_Flash_Image_Offset
                0x000000004200c460                SF_Ctrl_Get_Flash_Image_Offset
                0x000000004200c46a                SF_Ctrl_Select_Clock
                0x000000004200c474                SF_Ctrl_SendCmd
                0x000000004200c47e                SF_Ctrl_Icache_Set
                0x000000004200c488                SF_Ctrl_Icache2_Set
                0x000000004200c492                SF_Ctrl_GetBusyState
                0x000000004200c49c                SF_Ctrl_Is_AES_Enable
                0x000000004200c4a6                SF_Ctrl_Get_Clock_Delay
                0x000000004200c4b0                SF_Ctrl_Set_Clock_Delay
                0x000000004200c4ba                XIP_SFlash_State_Save
                0x000000004200c4c4                XIP_SFlash_State_Restore
                0x000000004200c4ce                XIP_SFlash_Erase_Need_Lock
                0x000000004200c4d8                XIP_SFlash_Write_Need_Lock
                0x000000004200c4e2                XIP_SFlash_Read_Need_Lock
                0x000000004200c4ec                XIP_SFlash_GetJedecId_Need_Lock
                0x000000004200c4f6                XIP_SFlash_GetDeviceId_Need_Lock
                0x000000004200c500                XIP_SFlash_GetUniqueId_Need_Lock
                0x000000004200c50a                XIP_SFlash_Read_Via_Cache_Need_Lock
                0x000000004200c514                XIP_SFlash_Read_With_Lock
                0x000000004200c51e                XIP_SFlash_Write_With_Lock
                0x000000004200c528                XIP_SFlash_Erase_With_Lock
                0x000000004200c532                XIP_SFlash_Opt_Enter
                0x000000004200c53c                XIP_SFlash_Opt_Exit
                0x000000004200c546                BFLB_Soft_CRC32
 *(.tcm_const)
 *(.sclock_rlt_code)
 .sclock_rlt_code
                0x000000004200c550      0x24a /home/sadikubuntu/vcs/go/src/IoT-Group11-Handins/handin2/build_out/bl602_std/libbl602_std.a(bl602_adc.o)
                0x000000004200c550                ADC_Trim_TSEN
                0x000000004200c6b8                ADC_Gain_Trim
 .sclock_rlt_code
                0x000000004200c79a      0x140 /home/sadikubuntu/vcs/go/src/IoT-Group11-Handins/handin2/build_out/bl602_std/libbl602_std.a(bl602_ef_ctrl.o)
                0x000000004200c838                EF_Ctrl_Read_TSEN_Trim
                0x000000004200c894                EF_Ctrl_Read_ADC_Gain_Trim
 .sclock_rlt_code
                0x000000004200c8da      0x154 /home/sadikubuntu/vcs/go/src/IoT-Group11-Handins/handin2/build_out/bl602_std/libbl602_std.a(bl602_romapi.o)
                0x000000004200c8da                AON_Power_On_MBG
                0x000000004200c8e4                AON_Power_Off_MBG
                0x000000004200c8ee                AON_Power_On_XTAL
                0x000000004200c8f8                AON_Set_Xtal_CapCode
                0x000000004200c902                AON_Get_Xtal_CapCode
                0x000000004200c90c                AON_Power_Off_XTAL
                0x000000004200c916                EF_Ctrl_Get_Trim_Parity
                0x000000004200c920                EF_Ctrl_Read_RC32M_Trim
                0x000000004200c92a                EF_Ctrl_Read_RC32K_Trim
                0x000000004200c934                GLB_Get_Root_CLK_Sel
                0x000000004200c93e                GLB_Set_System_CLK_Div
                0x000000004200c948                GLB_Get_BCLK_Div
                0x000000004200c952                GLB_Get_HCLK_Div
                0x000000004200c95c                Update_SystemCoreClockWith_XTAL
                0x000000004200c966                GLB_Set_System_CLK
                0x000000004200c970                System_Core_Clock_Update_From_RC32M
                0x000000004200c97a                GLB_Set_SF_CLK
                0x000000004200c984                GLB_Set_PKA_CLK_Sel
                0x000000004200c98e                HBN_32K_Sel
                0x000000004200c998                HBN_Set_ROOT_CLK_Sel
                0x000000004200c9a2                HBN_Power_On_Xtal_32K
                0x000000004200c9ac                HBN_Power_Off_Xtal_32K
                0x000000004200c9b6                HBN_Power_On_RC32K
                0x000000004200c9c0                HBN_Power_Off_RC32K
                0x000000004200c9ca                HBN_Trim_RC32K
                0x000000004200c9d4                PDS_Trim_RC32M
                0x000000004200c9de                PDS_Select_RC32M_As_PLL_Ref
                0x000000004200c9e8                PDS_Select_XTAL_As_PLL_Ref
                0x000000004200c9f2                PDS_Power_On_PLL
                0x000000004200c9fc                PDS_Enable_PLL_All_Clks
                0x000000004200ca06                PDS_Disable_PLL_All_Clks
                0x000000004200ca10                PDS_Enable_PLL_Clk
                0x000000004200ca1a                PDS_Disable_PLL_Clk
                0x000000004200ca24                PDS_Power_Off_PLL
 *(.sclock_rlt_const)
 *(.data .data.*)
 *fill*         0x000000004200ca2e        0x2 
 .data.xHeapRegions
                0x000000004200ca30       0x20 /home/sadikubuntu/vcs/go/src/IoT-Group11-Handins/handin2/build_out/adc/libadc.a(system.o)
 *(.gnu.linkonce.d.*)
                0x000000004200ca50                . = ALIGN (0x8)
                0x000000004200d240                PROVIDE (__global_pointer$ = (. + 0x7f0))
 *libfreertos_riscv.a:*(.sdata.*)
 *libfreertos_riscv.a:*(.sbss.*)
 *libfreertos_riscv.a:*(.bss.*)
 *libfreertos_riscv.a:*(COMMON)
 *(.sdata .sdata.*)
 .sdata.adcGainCoeffCal
                0x000000004200ca50        0x8 /home/sadikubuntu/vcs/go/src/IoT-Group11-Handins/handin2/build_out/bl602_std/libbl602_std.a(bl602_adc.o)
 .sdata.pTrapNetCounter
                0x000000004200ca58        0x4 /home/sadikubuntu/vcs/go/src/IoT-Group11-Handins/handin2/build_out/freertos_riscv_ram/libfreertos_riscv_ram.a(port.o)
                0x000000004200ca58                pTrapNetCounter
 .sdata.pullNextTime
                0x000000004200ca5c        0x4 /home/sadikubuntu/vcs/go/src/IoT-Group11-Handins/handin2/build_out/freertos_riscv_ram/libfreertos_riscv_ram.a(port.o)
                0x000000004200ca5c                pullNextTime
 .sdata.sys_log_all_enable
                0x000000004200ca60        0x1 /home/sadikubuntu/vcs/go/src/IoT-Group11-Handins/handin2/build_out/hal_drv/libhal_drv.a(bl_sys.o)
                0x000000004200ca60                sys_log_all_enable
 *(.gnu.linkonce.s.*)
                0x000000004200ca68                . = ALIGN (0x8)
 *fill*         0x000000004200ca61        0x7 
 *(.srodata.cst16)
 *(.srodata.cst8)
 .srodata.cst8  0x000000004200ca68       0x20 /home/sadikubuntu/vcs/go/src/IoT-Group11-Handins/handin2/build_out/bl602_std/libbl602_std.a(bl602_adc.o)
 *(.srodata.cst4)
 *(.srodata.cst2)
 *(.srodata .srodata.*)
 .srodata       0x000000004200ca88        0x4 /home/sadikubuntu/vcs/go/src/IoT-Group11-Handins/handin2/build_out/hal_drv/libhal_drv.a(bl_uart.o)
                0x000000004200ca90                . = ALIGN (0x8)
 *fill*         0x000000004200ca8c        0x4 
 *(._k_queue.static.*)
 *(._k_sem.static.*)
 *(._k_mutex.static.*)
                0x000000004200ca90                _net_buf_pool_list = .
 *(SORT_BY_NAME(._net_buf_pool.static.*))
                0x000000004200ca90                _bt_gatt_service_static_list_start = .
 *(SORT_BY_NAME(._bt_gatt_service_static.static.*))
                0x000000004200ca90                _bt_gatt_service_static_list_end = .
                0x000000004200ca90                _bt_l2cap_fixed_chan_list_start = .
 *(SORT_BY_NAME(._bt_l2cap_fixed_chan.static.*))
                0x000000004200ca90                _bt_l2cap_fixed_chan_list_end = .

.boot2          0x000000004200ca90      0x258 load address 0x00000000230092bc
                0x000000004200ca90                PROVIDE (__boot2_pt_addr_start = .)
 *(.bss.boot2_partition_table)
 .bss.boot2_partition_table
                0x000000004200ca90      0x258 /home/sadikubuntu/vcs/go/src/IoT-Group11-Handins/handin2/build_out/hal_drv/libhal_drv.a(hal_boot2.o)
                0x000000004200cce8                PROVIDE (__boot2_pt_addr_end = .)
                0x000000004200cce8                PROVIDE (__boot2_flashCfg_start = .)
 *(.bss.boot2_flashCfg)
                0x000000004200cce8                PROVIDE (__boot2_flashCfg_end = .)

.bss            0x000000004200cce8     0x1204 load address 0x00000000230092bc
                0x000000004200cce8                PROVIDE (__bss_start = ADDR (.bss))
                0x000000004200deec                PROVIDE (__bss_end = (ADDR (.bss) + SIZEOF (.bss)))
 *(.sbss*)
 .sbss.uart_dbg_disable
                0x000000004200cce8        0x1 /home/sadikubuntu/vcs/go/src/IoT-Group11-Handins/handin2/build_out/bl602_std/libbl602_std.a(platform_device.o)
 *fill*         0x000000004200cce9        0x3 
 .sbss.pxCurrentTCB
                0x000000004200ccec        0x4 /home/sadikubuntu/vcs/go/src/IoT-Group11-Handins/handin2/build_out/freertos_riscv_ram/libfreertos_riscv_ram.a(tasks.o)
                0x000000004200ccec                pxCurrentTCB
 .sbss.pxDelayedTaskList
                0x000000004200ccf0        0x4 /home/sadikubuntu/vcs/go/src/IoT-Group11-Handins/handin2/build_out/freertos_riscv_ram/libfreertos_riscv_ram.a(tasks.o)
 .sbss.pxOverflowDelayedTaskList
                0x000000004200ccf4        0x4 /home/sadikubuntu/vcs/go/src/IoT-Group11-Handins/handin2/build_out/freertos_riscv_ram/libfreertos_riscv_ram.a(tasks.o)
 .sbss.uxCurrentNumberOfTasks
                0x000000004200ccf8        0x4 /home/sadikubuntu/vcs/go/src/IoT-Group11-Handins/handin2/build_out/freertos_riscv_ram/libfreertos_riscv_ram.a(tasks.o)
 .sbss.uxDeletedTasksWaitingCleanUp
                0x000000004200ccfc        0x4 /home/sadikubuntu/vcs/go/src/IoT-Group11-Handins/handin2/build_out/freertos_riscv_ram/libfreertos_riscv_ram.a(tasks.o)
 .sbss.uxPendedTicks
                0x000000004200cd00        0x4 /home/sadikubuntu/vcs/go/src/IoT-Group11-Handins/handin2/build_out/freertos_riscv_ram/libfreertos_riscv_ram.a(tasks.o)
 .sbss.uxSchedulerSuspended
                0x000000004200cd04        0x4 /home/sadikubuntu/vcs/go/src/IoT-Group11-Handins/handin2/build_out/freertos_riscv_ram/libfreertos_riscv_ram.a(tasks.o)
 .sbss.uxTaskNumber
                0x000000004200cd08        0x4 /home/sadikubuntu/vcs/go/src/IoT-Group11-Handins/handin2/build_out/freertos_riscv_ram/libfreertos_riscv_ram.a(tasks.o)
 .sbss.uxTopReadyPriority
                0x000000004200cd0c        0x4 /home/sadikubuntu/vcs/go/src/IoT-Group11-Handins/handin2/build_out/freertos_riscv_ram/libfreertos_riscv_ram.a(tasks.o)
 .sbss.xNextTaskUnblockTime
                0x000000004200cd10        0x4 /home/sadikubuntu/vcs/go/src/IoT-Group11-Handins/handin2/build_out/freertos_riscv_ram/libfreertos_riscv_ram.a(tasks.o)
 .sbss.xNumOfOverflows
                0x000000004200cd14        0x4 /home/sadikubuntu/vcs/go/src/IoT-Group11-Handins/handin2/build_out/freertos_riscv_ram/libfreertos_riscv_ram.a(tasks.o)
 .sbss.xSchedulerRunning
                0x000000004200cd18        0x4 /home/sadikubuntu/vcs/go/src/IoT-Group11-Handins/handin2/build_out/freertos_riscv_ram/libfreertos_riscv_ram.a(tasks.o)
 .sbss.xTickCount
                0x000000004200cd1c        0x4 /home/sadikubuntu/vcs/go/src/IoT-Group11-Handins/handin2/build_out/freertos_riscv_ram/libfreertos_riscv_ram.a(tasks.o)
 .sbss.xYieldPending
                0x000000004200cd20        0x4 /home/sadikubuntu/vcs/go/src/IoT-Group11-Handins/handin2/build_out/freertos_riscv_ram/libfreertos_riscv_ram.a(tasks.o)
 .sbss.pxCurrentTimerList
                0x000000004200cd24        0x4 /home/sadikubuntu/vcs/go/src/IoT-Group11-Handins/handin2/build_out/freertos_riscv_ram/libfreertos_riscv_ram.a(timers.o)
 .sbss.pxOverflowTimerList
                0x000000004200cd28        0x4 /home/sadikubuntu/vcs/go/src/IoT-Group11-Handins/handin2/build_out/freertos_riscv_ram/libfreertos_riscv_ram.a(timers.o)
 .sbss.xLastTime.2297
                0x000000004200cd2c        0x4 /home/sadikubuntu/vcs/go/src/IoT-Group11-Handins/handin2/build_out/freertos_riscv_ram/libfreertos_riscv_ram.a(timers.o)
 .sbss.xTimerQueue
                0x000000004200cd30        0x4 /home/sadikubuntu/vcs/go/src/IoT-Group11-Handins/handin2/build_out/freertos_riscv_ram/libfreertos_riscv_ram.a(timers.o)
 .sbss.xTimerTaskHandle
                0x000000004200cd34        0x4 /home/sadikubuntu/vcs/go/src/IoT-Group11-Handins/handin2/build_out/freertos_riscv_ram/libfreertos_riscv_ram.a(timers.o)
 .sbss.TrapNetCounter
                0x000000004200cd38        0x4 /home/sadikubuntu/vcs/go/src/IoT-Group11-Handins/handin2/build_out/freertos_riscv_ram/libfreertos_riscv_ram.a(port.o)
                0x000000004200cd38                TrapNetCounter
 *fill*         0x000000004200cd3c        0x4 
 .sbss.ullNextTime
                0x000000004200cd40        0x8 /home/sadikubuntu/vcs/go/src/IoT-Group11-Handins/handin2/build_out/freertos_riscv_ram/libfreertos_riscv_ram.a(port.o)
                0x000000004200cd40                ullNextTime
 .sbss.pxEnd    0x000000004200cd48        0x4 /home/sadikubuntu/vcs/go/src/IoT-Group11-Handins/handin2/build_out/freertos_riscv_ram/libfreertos_riscv_ram.a(heap_5.o)
 .sbss.xBlockAllocatedBit
                0x000000004200cd4c        0x4 /home/sadikubuntu/vcs/go/src/IoT-Group11-Handins/handin2/build_out/freertos_riscv_ram/libfreertos_riscv_ram.a(heap_5.o)
 .sbss.xFreeBytesRemaining
                0x000000004200cd50        0x4 /home/sadikubuntu/vcs/go/src/IoT-Group11-Handins/handin2/build_out/freertos_riscv_ram/libfreertos_riscv_ram.a(heap_5.o)
 .sbss.xMinimumEverFreeBytesRemaining
                0x000000004200cd54        0x4 /home/sadikubuntu/vcs/go/src/IoT-Group11-Handins/handin2/build_out/freertos_riscv_ram/libfreertos_riscv_ram.a(heap_5.o)
 .sbss.xStart   0x000000004200cd58        0x8 /home/sadikubuntu/vcs/go/src/IoT-Group11-Handins/handin2/build_out/freertos_riscv_ram/libfreertos_riscv_ram.a(heap_5.o)
 .sbss.uart_clk_init.7788
                0x000000004200cd60        0x1 /home/sadikubuntu/vcs/go/src/IoT-Group11-Handins/handin2/build_out/hal_drv/libhal_drv.a(bl_uart.o)
 *fill*         0x000000004200cd61        0x3 
 .sbss.init_tick_rtc
                0x000000004200cd64        0x4 /home/sadikubuntu/vcs/go/src/IoT-Group11-Handins/handin2/build_out/bltime/libbltime.a(bl_sys_time.o)
 .sbss.init_tick_rtos
                0x000000004200cd68        0x4 /home/sadikubuntu/vcs/go/src/IoT-Group11-Handins/handin2/build_out/bltime/libbltime.a(bl_sys_time.o)
 .sbss.sync_init
                0x000000004200cd6c        0x4 /home/sadikubuntu/vcs/go/src/IoT-Group11-Handins/handin2/build_out/bltime/libbltime.a(bl_sys_time.o)
 *(.gnu.linkonce.sb.*)
 *(.bss .bss.*)
 .bss.uxIdleTaskStack.2407
                0x000000004200cd70      0x180 /home/sadikubuntu/vcs/go/src/IoT-Group11-Handins/handin2/build_out/adc/libadc.a(system.o)
 .bss.uxTimerTaskStack.2414
                0x000000004200cef0      0x640 /home/sadikubuntu/vcs/go/src/IoT-Group11-Handins/handin2/build_out/adc/libadc.a(system.o)
 .bss.xIdleTaskTCB.2406
                0x000000004200d530       0x60 /home/sadikubuntu/vcs/go/src/IoT-Group11-Handins/handin2/build_out/adc/libadc.a(system.o)
 .bss.xTimerTaskTCB.2413
                0x000000004200d590       0x60 /home/sadikubuntu/vcs/go/src/IoT-Group11-Handins/handin2/build_out/adc/libadc.a(system.o)
 .bss.string    0x000000004200d5f0      0x200 /home/sadikubuntu/vcs/go/src/IoT-Group11-Handins/handin2/build_out/bl602/libbl602.a(debug.o)
 .bss.print_buf.9485
                0x000000004200d7f0       0x80 /home/sadikubuntu/vcs/go/src/IoT-Group11-Handins/handin2/build_out/bl602_std/libbl602_std.a(platform_device.o)
 .bss.pxReadyTasksLists
                0x000000004200d870      0x280 /home/sadikubuntu/vcs/go/src/IoT-Group11-Handins/handin2/build_out/freertos_riscv_ram/libfreertos_riscv_ram.a(tasks.o)
 .bss.xDelayedTaskList1
                0x000000004200daf0       0x14 /home/sadikubuntu/vcs/go/src/IoT-Group11-Handins/handin2/build_out/freertos_riscv_ram/libfreertos_riscv_ram.a(tasks.o)
 .bss.xDelayedTaskList2
                0x000000004200db04       0x14 /home/sadikubuntu/vcs/go/src/IoT-Group11-Handins/handin2/build_out/freertos_riscv_ram/libfreertos_riscv_ram.a(tasks.o)
 .bss.xPendingReadyList
                0x000000004200db18       0x14 /home/sadikubuntu/vcs/go/src/IoT-Group11-Handins/handin2/build_out/freertos_riscv_ram/libfreertos_riscv_ram.a(tasks.o)
 .bss.xSuspendedTaskList
                0x000000004200db2c       0x14 /home/sadikubuntu/vcs/go/src/IoT-Group11-Handins/handin2/build_out/freertos_riscv_ram/libfreertos_riscv_ram.a(tasks.o)
 .bss.xTasksWaitingTermination
                0x000000004200db40       0x14 /home/sadikubuntu/vcs/go/src/IoT-Group11-Handins/handin2/build_out/freertos_riscv_ram/libfreertos_riscv_ram.a(tasks.o)
 .bss.ucStaticTimerQueueStorage.2344
                0x000000004200db54       0x40 /home/sadikubuntu/vcs/go/src/IoT-Group11-Handins/handin2/build_out/freertos_riscv_ram/libfreertos_riscv_ram.a(timers.o)
 .bss.xActiveTimerList1
                0x000000004200db94       0x14 /home/sadikubuntu/vcs/go/src/IoT-Group11-Handins/handin2/build_out/freertos_riscv_ram/libfreertos_riscv_ram.a(timers.o)
 .bss.xActiveTimerList2
                0x000000004200dba8       0x14 /home/sadikubuntu/vcs/go/src/IoT-Group11-Handins/handin2/build_out/freertos_riscv_ram/libfreertos_riscv_ram.a(timers.o)
 .bss.xStaticTimerQueue.2343
                0x000000004200dbbc       0x50 /home/sadikubuntu/vcs/go/src/IoT-Group11-Handins/handin2/build_out/freertos_riscv_ram/libfreertos_riscv_ram.a(timers.o)
 .bss.g_uart_notify_arg
                0x000000004200dc0c       0x20 /home/sadikubuntu/vcs/go/src/IoT-Group11-Handins/handin2/build_out/hal_drv/libhal_drv.a(bl_uart.o)
 .bss.handler_list
                0x000000004200dc2c      0x280 /home/sadikubuntu/vcs/go/src/IoT-Group11-Handins/handin2/build_out/hal_drv/libhal_drv.a(bl_irq.o)
 *(.gnu.linkonce.b.*)
 *(COMMON)
 COMMON         0x000000004200deac       0x40 /home/sadikubuntu/vcs/go/src/IoT-Group11-Handins/handin2/build_out/freertos_riscv_ram/libfreertos_riscv_ram.a(queue.o)
                0x000000004200deac                xQueueRegistry
                0x000000004200deec                PROVIDE (_heap_start = .)
                0x0000000000021914                PROVIDE (_heap_size = (ADDR (.stack) - _heap_start))

.stack          0x000000004202f800      0x800
                0x0000000042030000                . = (. + __stack_size)
 *fill*         0x000000004202f800      0x800 
                0x0000000042030000                PROVIDE (_sp_main = .)
                0x0000000042030000                __freertos_irq_stack_top = .
                [!provide]                        PROVIDE (_ld_bl_static_cli_cmds_start = _bl_static_cli_cmds_start)
                [!provide]                        PROVIDE (_ld_bl_static_cli_cmds_end = _bl_static_cli_cmds_end)
                [!provide]                        PROVIDE (_ld_bl_static_blogcomponent_code_start = _bl_static_blogcomponent_code_start)
                [!provide]                        PROVIDE (_ld_bl_static_blogcomponent_code_end = _bl_static_blogcomponent_code_end)
                [!provide]                        PROVIDE (_ld_bl_static_blogfile_code_start = _bl_static_blogfile_code_start)
                [!provide]                        PROVIDE (_ld_bl_static_blogfile_code_end = _bl_static_blogfile_code_end)
                [!provide]                        PROVIDE (_ld_bl_static_blogpri_code_start = _bl_static_blogpri_code_start)
                [!provide]                        PROVIDE (_ld_bl_static_blogpri_code_end = _bl_static_blogpri_code_end)
                [!provide]                        PROVIDE (_ld_ram_size0 = LENGTH (flash))
                [!provide]                        PROVIDE (_ld_ram_addr0 = ORIGIN (flash))
                [!provide]                        PROVIDE (_ld_ram_size1 = LENGTH (ram_tcm))
                [!provide]                        PROVIDE (_ld_ram_addr1 = ORIGIN (ram_tcm))
                [!provide]                        PROVIDE (_ld_ram_size2 = LENGTH (ram_wifi))
                [!provide]                        PROVIDE (_ld_ram_addr2 = ORIGIN (ram_wifi))
                0x0000000042049c00                PROVIDE (__boot2_pt_addr_src = BOOT2_PT_ADDR)
                0x0000000042049c18                PROVIDE (__boot2_flashCfg_src = BOOT2_FLASHCFG_ADDR)
                0x0000000000000000                PROVIDE (__LD_CONFIG_EM_SEL = __EM_SIZE)
OUTPUT(/home/sadikubuntu/vcs/go/src/IoT-Group11-Handins/handin2/build_out/adc.elf elf32-littleriscv)

.riscv.attributes
                0x0000000000000000       0x2b
 .riscv.attributes
                0x0000000000000000       0x29 /home/sadikubuntu/vcs/go/src/IoT-Group11-Handins/handin2/build_out/bl602/libbl602.a(start.o)
 .riscv.attributes
                0x0000000000000029       0x2b /home/sadikubuntu/vcs/go/src/IoT-Group11-Handins/handin2/build_out/hal_drv/libhal_drv.a(hal_boot2.o)
 .riscv.attributes
                0x0000000000000054       0x2b /home/sadikubuntu/vcs/go/src/IoT-Group11-Handins/handin2/build_out/adc/libadc.a(main.o)
 .riscv.attributes
                0x000000000000007f       0x2b /home/sadikubuntu/vcs/go/src/IoT-Group11-Handins/handin2/build_out/adc/libadc.a(system.o)
 .riscv.attributes
                0x00000000000000aa       0x2b /home/sadikubuntu/vcs/go/src/IoT-Group11-Handins/handin2/build_out/bl602/libbl602.a(debug.o)
 .riscv.attributes
                0x00000000000000d5       0x2b /home/sadikubuntu/vcs/go/src/IoT-Group11-Handins/handin2/build_out/bl602_std/libbl602_std.a(bl602_adc.o)
 .riscv.attributes
                0x0000000000000100       0x2b /home/sadikubuntu/vcs/go/src/IoT-Group11-Handins/handin2/build_out/bl602_std/libbl602_std.a(bl602_common.o)
 .riscv.attributes
                0x000000000000012b       0x2b /home/sadikubuntu/vcs/go/src/IoT-Group11-Handins/handin2/build_out/bl602_std/libbl602_std.a(bl602_ef_ctrl.o)
 .riscv.attributes
                0x0000000000000156       0x2b /home/sadikubuntu/vcs/go/src/IoT-Group11-Handins/handin2/build_out/bl602_std/libbl602_std.a(platform_device.o)
 .riscv.attributes
                0x0000000000000181       0x2b /home/sadikubuntu/vcs/go/src/IoT-Group11-Handins/handin2/build_out/bl602_std/libbl602_std.a(interrupt.o)
 .riscv.attributes
                0x00000000000001ac       0x2b /home/sadikubuntu/vcs/go/src/IoT-Group11-Handins/handin2/build_out/bl602_std/libbl602_std.a(bl602_romapi.o)
 .riscv.attributes
                0x00000000000001d7       0x2b /home/sadikubuntu/vcs/go/src/IoT-Group11-Handins/handin2/build_out/bl602_std/libbl602_std.a(bl602_uart.o)
 .riscv.attributes
                0x0000000000000202       0x2b /home/sadikubuntu/vcs/go/src/IoT-Group11-Handins/handin2/build_out/bl602_std/libbl602_std.a(bl602_glb.o)
 .riscv.attributes
                0x000000000000022d       0x2b /home/sadikubuntu/vcs/go/src/IoT-Group11-Handins/handin2/build_out/bl602_std/libbl602_std.a(bl602_hbn.o)
 .riscv.attributes
                0x0000000000000258       0x2b /home/sadikubuntu/vcs/go/src/IoT-Group11-Handins/handin2/build_out/freertos_riscv_ram/libfreertos_riscv_ram.a(tasks.o)
 .riscv.attributes
                0x0000000000000283       0x2b /home/sadikubuntu/vcs/go/src/IoT-Group11-Handins/handin2/build_out/freertos_riscv_ram/libfreertos_riscv_ram.a(timers.o)
 .riscv.attributes
                0x00000000000002ae       0x2b /home/sadikubuntu/vcs/go/src/IoT-Group11-Handins/handin2/build_out/freertos_riscv_ram/libfreertos_riscv_ram.a(port.o)
 .riscv.attributes
                0x00000000000002d9       0x29 /home/sadikubuntu/vcs/go/src/IoT-Group11-Handins/handin2/build_out/freertos_riscv_ram/libfreertos_riscv_ram.a(portASM.o)
 .riscv.attributes
                0x0000000000000302       0x2b /home/sadikubuntu/vcs/go/src/IoT-Group11-Handins/handin2/build_out/freertos_riscv_ram/libfreertos_riscv_ram.a(heap_5.o)
 .riscv.attributes
                0x000000000000032d       0x2b /home/sadikubuntu/vcs/go/src/IoT-Group11-Handins/handin2/build_out/freertos_riscv_ram/libfreertos_riscv_ram.a(list.o)
 .riscv.attributes
                0x0000000000000358       0x2b /home/sadikubuntu/vcs/go/src/IoT-Group11-Handins/handin2/build_out/freertos_riscv_ram/libfreertos_riscv_ram.a(queue.o)
 .riscv.attributes
                0x0000000000000383       0x2b /home/sadikubuntu/vcs/go/src/IoT-Group11-Handins/handin2/build_out/hal_drv/libhal_drv.a(bl_uart.o)
 .riscv.attributes
                0x00000000000003ae       0x2b /home/sadikubuntu/vcs/go/src/IoT-Group11-Handins/handin2/build_out/hal_drv/libhal_drv.a(bl_sys.o)
 .riscv.attributes
                0x00000000000003d9       0x2b /home/sadikubuntu/vcs/go/src/IoT-Group11-Handins/handin2/build_out/hal_drv/libhal_drv.a(bl_irq.o)
 .riscv.attributes
                0x0000000000000404       0x2b /home/sadikubuntu/vcs/go/src/IoT-Group11-Handins/handin2/build_out/hal_drv/libhal_drv.a(bl_rtc.o)
 .riscv.attributes
                0x000000000000042f       0x2b /home/sadikubuntu/vcs/go/src/IoT-Group11-Handins/handin2/build_out/bltime/libbltime.a(bl_sys_time.o)
 .riscv.attributes
                0x000000000000045a       0x2b /home/sadikubuntu/vcs/go/src/IoT-Group11-Handins/handin2/build_out/freertos_riscv_ram/libfreertos_riscv_ram.a(misaligned_ldst.o)
 .riscv.attributes
                0x0000000000000485       0x29 /home/sadikubuntu/vcs/go/src/IoT-Group11-Handins/handin2/build_out/freertos_riscv_ram/libfreertos_riscv_ram.a(fp_asm.o)
 .riscv.attributes
                0x00000000000004ae       0x2b /home/sadikubuntu/vcs/go/src/IoT-Group11-Handins/handin2/build_out/freertos_riscv_ram/libfreertos_riscv_ram.a(panic_c.o)
 .riscv.attributes
                0x00000000000004d9       0x26 /home/sadikubuntu/vcs/go/src/IoT-Group11-Handins/handin2/bl_iot_sdk/toolchain/riscv/Linux/bin/../lib/gcc/riscv64-unknown-elf/8.3.0/../../../../riscv64-unknown-elf/lib/rv32imf/ilp32f/libm.a(lib_a-s_modf.o)
 .riscv.attributes
                0x00000000000004ff       0x26 /home/sadikubuntu/vcs/go/src/IoT-Group11-Handins/handin2/bl_iot_sdk/toolchain/riscv/Linux/bin/../lib/gcc/riscv64-unknown-elf/8.3.0/rv32imf/ilp32f/libgcc.a(_clzsi2.o)
 .riscv.attributes
                0x0000000000000525       0x26 /home/sadikubuntu/vcs/go/src/IoT-Group11-Handins/handin2/bl_iot_sdk/toolchain/riscv/Linux/bin/../lib/gcc/riscv64-unknown-elf/8.3.0/rv32imf/ilp32f/libgcc.a(_udivdi3.o)
 .riscv.attributes
                0x000000000000054b       0x26 /home/sadikubuntu/vcs/go/src/IoT-Group11-Handins/handin2/bl_iot_sdk/toolchain/riscv/Linux/bin/../lib/gcc/riscv64-unknown-elf/8.3.0/rv32imf/ilp32f/libgcc.a(_umoddi3.o)
 .riscv.attributes
                0x0000000000000571       0x26 /home/sadikubuntu/vcs/go/src/IoT-Group11-Handins/handin2/bl_iot_sdk/toolchain/riscv/Linux/bin/../lib/gcc/riscv64-unknown-elf/8.3.0/rv32imf/ilp32f/libgcc.a(adddf3.o)
 .riscv.attributes
                0x0000000000000597       0x26 /home/sadikubuntu/vcs/go/src/IoT-Group11-Handins/handin2/bl_iot_sdk/toolchain/riscv/Linux/bin/../lib/gcc/riscv64-unknown-elf/8.3.0/rv32imf/ilp32f/libgcc.a(divdf3.o)
 .riscv.attributes
                0x00000000000005bd       0x26 /home/sadikubuntu/vcs/go/src/IoT-Group11-Handins/handin2/bl_iot_sdk/toolchain/riscv/Linux/bin/../lib/gcc/riscv64-unknown-elf/8.3.0/rv32imf/ilp32f/libgcc.a(eqdf2.o)
 .riscv.attributes
                0x00000000000005e3       0x26 /home/sadikubuntu/vcs/go/src/IoT-Group11-Handins/handin2/bl_iot_sdk/toolchain/riscv/Linux/bin/../lib/gcc/riscv64-unknown-elf/8.3.0/rv32imf/ilp32f/libgcc.a(gedf2.o)
 .riscv.attributes
                0x0000000000000609       0x26 /home/sadikubuntu/vcs/go/src/IoT-Group11-Handins/handin2/bl_iot_sdk/toolchain/riscv/Linux/bin/../lib/gcc/riscv64-unknown-elf/8.3.0/rv32imf/ilp32f/libgcc.a(ledf2.o)
 .riscv.attributes
                0x000000000000062f       0x26 /home/sadikubuntu/vcs/go/src/IoT-Group11-Handins/handin2/bl_iot_sdk/toolchain/riscv/Linux/bin/../lib/gcc/riscv64-unknown-elf/8.3.0/rv32imf/ilp32f/libgcc.a(muldf3.o)
 .riscv.attributes
                0x0000000000000655       0x26 /home/sadikubuntu/vcs/go/src/IoT-Group11-Handins/handin2/bl_iot_sdk/toolchain/riscv/Linux/bin/../lib/gcc/riscv64-unknown-elf/8.3.0/rv32imf/ilp32f/libgcc.a(subdf3.o)
 .riscv.attributes
                0x000000000000067b       0x26 /home/sadikubuntu/vcs/go/src/IoT-Group11-Handins/handin2/bl_iot_sdk/toolchain/riscv/Linux/bin/../lib/gcc/riscv64-unknown-elf/8.3.0/rv32imf/ilp32f/libgcc.a(fixdfsi.o)
 .riscv.attributes
                0x00000000000006a1       0x26 /home/sadikubuntu/vcs/go/src/IoT-Group11-Handins/handin2/bl_iot_sdk/toolchain/riscv/Linux/bin/../lib/gcc/riscv64-unknown-elf/8.3.0/rv32imf/ilp32f/libgcc.a(floatsidf.o)
 .riscv.attributes
                0x00000000000006c7       0x26 /home/sadikubuntu/vcs/go/src/IoT-Group11-Handins/handin2/bl_iot_sdk/toolchain/riscv/Linux/bin/../lib/gcc/riscv64-unknown-elf/8.3.0/rv32imf/ilp32f/libgcc.a(extendsfdf2.o)
 .riscv.attributes
                0x00000000000006ed       0x26 /home/sadikubuntu/vcs/go/src/IoT-Group11-Handins/handin2/bl_iot_sdk/toolchain/riscv/Linux/bin/../lib/gcc/riscv64-unknown-elf/8.3.0/rv32imf/ilp32f/libgcc.a(truncdfsf2.o)
 .riscv.attributes
                0x0000000000000713       0x26 /home/sadikubuntu/vcs/go/src/IoT-Group11-Handins/handin2/bl_iot_sdk/toolchain/riscv/Linux/bin/../lib/gcc/riscv64-unknown-elf/8.3.0/rv32imf/ilp32f/libgcc.a(_clz.o)
 .riscv.attributes
                0x0000000000000739       0x26 /home/sadikubuntu/vcs/go/src/IoT-Group11-Handins/handin2/bl_iot_sdk/toolchain/riscv/Linux/bin/../lib/gcc/riscv64-unknown-elf/8.3.0/../../../../riscv64-unknown-elf/lib/rv32imf/ilp32f/libc.a(lib_a-memcpy.o)
 .riscv.attributes
                0x000000000000075f       0x24 /home/sadikubuntu/vcs/go/src/IoT-Group11-Handins/handin2/bl_iot_sdk/toolchain/riscv/Linux/bin/../lib/gcc/riscv64-unknown-elf/8.3.0/../../../../riscv64-unknown-elf/lib/rv32imf/ilp32f/libc.a(lib_a-memset.o)
 .riscv.attributes
                0x0000000000000783       0x26 /home/sadikubuntu/vcs/go/src/IoT-Group11-Handins/handin2/bl_iot_sdk/toolchain/riscv/Linux/bin/../lib/gcc/riscv64-unknown-elf/8.3.0/../../../../riscv64-unknown-elf/lib/rv32imf/ilp32f/libc.a(lib_a-strlen.o)
 .riscv.attributes
                0x00000000000007a9       0x26 /home/sadikubuntu/vcs/go/src/IoT-Group11-Handins/handin2/bl_iot_sdk/toolchain/riscv/Linux/bin/../lib/gcc/riscv64-unknown-elf/8.3.0/../../../../riscv64-unknown-elf/lib/rv32imf/ilp32f/libc.a(lib_a-strnlen.o)

.comment        0x0000000000000000       0x28
 .comment       0x0000000000000000       0x28 /home/sadikubuntu/vcs/go/src/IoT-Group11-Handins/handin2/build_out/hal_drv/libhal_drv.a(hal_boot2.o)
                                         0x29 (size before relaxing)
 .comment       0x0000000000000028       0x29 /home/sadikubuntu/vcs/go/src/IoT-Group11-Handins/handin2/build_out/adc/libadc.a(main.o)
 .comment       0x0000000000000028       0x29 /home/sadikubuntu/vcs/go/src/IoT-Group11-Handins/handin2/build_out/adc/libadc.a(system.o)
 .comment       0x0000000000000028       0x29 /home/sadikubuntu/vcs/go/src/IoT-Group11-Handins/handin2/build_out/bl602/libbl602.a(debug.o)
 .comment       0x0000000000000028       0x29 /home/sadikubuntu/vcs/go/src/IoT-Group11-Handins/handin2/build_out/bl602_std/libbl602_std.a(bl602_adc.o)
 .comment       0x0000000000000028       0x29 /home/sadikubuntu/vcs/go/src/IoT-Group11-Handins/handin2/build_out/bl602_std/libbl602_std.a(bl602_common.o)
 .comment       0x0000000000000028       0x29 /home/sadikubuntu/vcs/go/src/IoT-Group11-Handins/handin2/build_out/bl602_std/libbl602_std.a(bl602_ef_ctrl.o)
 .comment       0x0000000000000028       0x29 /home/sadikubuntu/vcs/go/src/IoT-Group11-Handins/handin2/build_out/bl602_std/libbl602_std.a(platform_device.o)
 .comment       0x0000000000000028       0x29 /home/sadikubuntu/vcs/go/src/IoT-Group11-Handins/handin2/build_out/bl602_std/libbl602_std.a(interrupt.o)
 .comment       0x0000000000000028       0x29 /home/sadikubuntu/vcs/go/src/IoT-Group11-Handins/handin2/build_out/bl602_std/libbl602_std.a(bl602_romapi.o)
 .comment       0x0000000000000028       0x29 /home/sadikubuntu/vcs/go/src/IoT-Group11-Handins/handin2/build_out/bl602_std/libbl602_std.a(bl602_uart.o)
 .comment       0x0000000000000028       0x29 /home/sadikubuntu/vcs/go/src/IoT-Group11-Handins/handin2/build_out/bl602_std/libbl602_std.a(bl602_glb.o)
 .comment       0x0000000000000028       0x29 /home/sadikubuntu/vcs/go/src/IoT-Group11-Handins/handin2/build_out/bl602_std/libbl602_std.a(bl602_hbn.o)
 .comment       0x0000000000000028       0x29 /home/sadikubuntu/vcs/go/src/IoT-Group11-Handins/handin2/build_out/freertos_riscv_ram/libfreertos_riscv_ram.a(tasks.o)
 .comment       0x0000000000000028       0x29 /home/sadikubuntu/vcs/go/src/IoT-Group11-Handins/handin2/build_out/freertos_riscv_ram/libfreertos_riscv_ram.a(timers.o)
 .comment       0x0000000000000028       0x29 /home/sadikubuntu/vcs/go/src/IoT-Group11-Handins/handin2/build_out/freertos_riscv_ram/libfreertos_riscv_ram.a(port.o)
 .comment       0x0000000000000028       0x29 /home/sadikubuntu/vcs/go/src/IoT-Group11-Handins/handin2/build_out/freertos_riscv_ram/libfreertos_riscv_ram.a(heap_5.o)
 .comment       0x0000000000000028       0x29 /home/sadikubuntu/vcs/go/src/IoT-Group11-Handins/handin2/build_out/freertos_riscv_ram/libfreertos_riscv_ram.a(list.o)
 .comment       0x0000000000000028       0x29 /home/sadikubuntu/vcs/go/src/IoT-Group11-Handins/handin2/build_out/freertos_riscv_ram/libfreertos_riscv_ram.a(queue.o)
 .comment       0x0000000000000028       0x29 /home/sadikubuntu/vcs/go/src/IoT-Group11-Handins/handin2/build_out/hal_drv/libhal_drv.a(bl_uart.o)
 .comment       0x0000000000000028       0x29 /home/sadikubuntu/vcs/go/src/IoT-Group11-Handins/handin2/build_out/hal_drv/libhal_drv.a(bl_sys.o)
 .comment       0x0000000000000028       0x29 /home/sadikubuntu/vcs/go/src/IoT-Group11-Handins/handin2/build_out/hal_drv/libhal_drv.a(bl_irq.o)
 .comment       0x0000000000000028       0x29 /home/sadikubuntu/vcs/go/src/IoT-Group11-Handins/handin2/build_out/hal_drv/libhal_drv.a(bl_rtc.o)
 .comment       0x0000000000000028       0x29 /home/sadikubuntu/vcs/go/src/IoT-Group11-Handins/handin2/build_out/bltime/libbltime.a(bl_sys_time.o)
 .comment       0x0000000000000028       0x29 /home/sadikubuntu/vcs/go/src/IoT-Group11-Handins/handin2/build_out/freertos_riscv_ram/libfreertos_riscv_ram.a(misaligned_ldst.o)